data/processed/forecast_results.csv
date,store,sku,category,units_sold,inventory_on_hand,price,pred_lag_7_baseline,pred_ridge_regression,pred_random_forest,pred_gradient_boosting,best_model,forecast_units
2025-03-02,Boston,SKU-4002,Home,34,98,40.58,30.0,32.41,31.88,27.65,gradient_boosting,27.65
2025-03-03,Boston,SKU-4002,Home,21,83,39.47,26.0,19.38,22.28,24.05,gradient_boosting,24.05
2025-03-04,Boston,SKU-4002,Home,18,104,39.61,24.0,20.04,21.44,23.44,gradient_boosting,23.44
2025-03-05,Boston,SKU-4002,Home,22,89,39.68,25.0,22.37,21.48,23.44,gradient_boosting,23.44
2025-03-06,Boston,SKU-4002,Home,22,112,40.17,21.0,21.05,21.68,22.28,gradient_boosting,22.28
2025-03-07,Boston,SKU-4002,Home,20,151,40.28,29.0,27.21,31.04,27.72,gradient_boosting,27.72
2025-03-08,Boston,SKU-4002,Home,30,73,39.85,33.0,30.74,27.58,29.1,gradient_boosting,29.1
2025-03-09,Boston,SKU-4002,Home,29,150,37.7,34.0,28.71,29.31,30.05,gradient_boosting,30.05
2025-03-10,Boston,SKU-4002,Home,25,49,39.45,21.0,18.98,22.14,21.93,gradient_boosting,21.93
2025-03-11,Boston,SKU-4002,Home,18,135,39.82,18.0,18.33,22.14,21.45,gradient_boosting,21.45
2025-03-12,Boston,SKU-4002,Home,26,160,36.03,22.0,34.12,26.02,26.84,gradient_boosting,26.84
2025-03-13,Boston,SKU-4002,Home,17,103,35.92,22.0,33.62,23.1,26.58,gradient_boosting,26.58
2025-03-14,Boston,SKU-4002,Home,21,82,39.59,20.0,23.66,26.51,26.26,gradient_boosting,26.26
2025-03-15,Boston,SKU-4002,Home,29,132,39.67,30.0,28.79,26.93,28.04,gradient_boosting,28.04
2025-03-16,Boston,SKU-4002,Home,29,142,39.94,29.0,31.21,24.68,28.04,gradient_boosting,28.04
2025-03-17,Boston,SKU-4002,Home,28,118,37.1,25.0,31.98,26.57,27.34,gradient_boosting,27.34
2025-03-18,Boston,SKU-4002,Home,24,129,40.02,18.0,15.84,21.48,20.86,gradient_boosting,20.86
2025-03-19,Boston,SKU-4002,Home,28,151,39.86,26.0,22.04,22.49,22.55,gradient_boosting,22.55
2025-03-20,Boston,SKU-4002,Home,18,127,40.15,17.0,22.07,22.51,22.4,gradient_boosting,22.4
2025-03-21,Boston,SKU-4002,Home,33,82,39.95,21.0,24.96,26.6,26.15,gradient_boosting,26.15
2025-03-22,Boston,SKU-4002,Home,22,113,40.5,29.0,30.69,28.05,29.26,gradient_boosting,29.26
2025-03-23,Boston,SKU-4002,Home,34,122,39.53,29.0,30.77,27.27,28.37,gradient_boosting,28.37
2025-03-24,Boston,SKU-4002,Home,25,45,39.59,28.0,20.39,21.83,23.76,gradient_boosting,23.76
2025-03-25,Boston,SKU-4002,Home,27,111,40.09,24.0,18.87,21.98,23.03,gradient_boosting,23.03
2025-03-26,Boston,SKU-4002,Home,26,115,39.75,28.0,23.18,22.3,23.83,gradient_boosting,23.83
2025-03-27,Boston,SKU-4002,Home,37,85,36.45,18.0,35.93,25.59,26.9,gradient_boosting,26.9
2025-03-28,Boston,SKU-4002,Home,30,121,40.62,33.0,26.44,30.64,28.92,gradient_boosting,28.92
2025-03-29,Boston,SKU-4002,Home,20,146,39.07,22.0,28.87,27.25,28.36,gradient_boosting,28.36
2025-03-30,Boston,SKU-4002,Home,24,103,40.83,34.0,31.9,27.89,30.36,gradient_boosting,30.36
2025-03-31,Boston,SKU-4002,Home,39,61,40.87,25.0,20.86,21.44,22.24,gradient_boosting,22.24
2025-04-01,Boston,SKU-4002,Home,26,119,35.93,27.0,34.94,27.31,28.89,gradient_boosting,28.89
2025-04-02,Boston,SKU-4002,Home,24,128,40.1,26.0,21.31,23.96,23.66,gradient_boosting,23.66
2025-04-03,Boston,SKU-4002,Home,22,141,40.3,37.0,25.23,24.03,24.9,gradient_boosting,24.9
2025-04-04,Boston,SKU-4002,Home,32,113,40.24,30.0,27.64,27.0,29.26,gradient_boosting,29.26
2025-04-05,Boston,SKU-4002,Home,21,95,39.63,20.0,27.21,28.44,27.33,gradient_boosting,27.33
2025-04-06,Boston,SKU-4002,Home,23,103,39.5,24.0,31.98,29.35,29.37,gradient_boosting,29.37
2025-04-07,Boston,SKU-4002,Home,17,75,41.08,39.0,21.96,22.54,24.43,gradient_boosting,24.43
2025-04-08,Boston,SKU-4002,Home,21,187,41.37,26.0,21.45,22.22,23.39,gradient_boosting,23.39
2025-04-09,Boston,SKU-4002,Home,22,176,39.71,24.0,21.76,23.42,23.39,gradient_boosting,23.39
2025-04-10,Boston,SKU-4002,Home,15,105,38.9,22.0,23.55,20.63,23.37,gradient_boosting,23.37
2025-04-11,Boston,SKU-4002,Home,26,147,39.87,32.0,26.22,27.82,28.48,gradient_boosting,28.48
2025-04-12,Boston,SKU-4002,Home,27,62,40.29,21.0,27.83,29.08,25.37,gradient_boosting,25.37
2025-04-13,Boston,SKU-4002,Home,29,92,39.81,23.0,30.91,30.75,25.87,gradient_boosting,25.87
2025-04-14,Boston,SKU-4002,Home,27,104,39.5,17.0,20.39,22.07,23.31,gradient_boosting,23.31
2025-04-15,Boston,SKU-4002,Home,23,118,39.58,21.0,18.42,21.6,22.48,gradient_boosting,22.48
2025-04-16,Boston,SKU-4002,Home,24,81,41.23,22.0,22.53,21.7,22.8,gradient_boosting,22.8
2025-04-17,Boston,SKU-4002,Home,25,144,40.54,15.0,21.54,22.46,22.21,gradient_boosting,22.21
2025-04-18,Boston,SKU-4002,Home,26,98,40.13,26.0,27.74,28.14,28.19,gradient_boosting,28.19
2025-04-19,Boston,SKU-4002,Home,25,97,39.41,27.0,27.86,27.3,26.65,gradient_boosting,26.65
2025-04-20,Boston,SKU-4002,Home,32,61,39.39,29.0,29.72,27.33,27.53,gradient_boosting,27.53
2025-04-21,Boston,SKU-4002,Home,34,33,35.68,27.0,32.29,28.34,27.87,gradient_boosting,27.87
2025-04-22,Boston,SKU-4002,Home,23,145,39.8,23.0,17.56,22.54,23.16,gradient_boosting,23.16
2025-04-23,Boston,SKU-4002,Home,33,76,39.93,24.0,22.92,21.91,23.44,gradient_boosting,23.44
2025-04-24,Boston,SKU-4002,Home,16,162,39.7,25.0,20.56,22.18,22.53,gradient_boosting,22.53
2025-04-25,Boston,SKU-4002,Home,27,117,35.52,26.0,38.7,36.05,31.63,gradient_boosting,31.63
2025-04-26,Boston,SKU-4002,Home,32,116,39.54,25.0,26.26,26.5,26.04,gradient_boosting,26.04
2025-04-27,Boston,SKU-4002,Home,36,94,40.32,32.0,32.32,27.49,29.93,gradient_boosting,29.93
2025-04-28,Boston,SKU-4002,Home,19,155,40.52,34.0,20.5,22.18,25.17,gradient_boosting,25.17
2025-04-29,Boston,SKU-4002,Home,22,121,40.24,23.0,18.89,21.02,23.04,gradient_boosting,23.04
2025-04-30,Boston,SKU-4002,Home,18,109,40.36,33.0,21.84,21.4,23.27,gradient_boosting,23.27
2025-03-02,Hartford,SKU-1001,Grocery,186,486,4.89,169.0,178.7,194.07,188.16,gradient_boosting,188.16
2025-03-03,Hartford,SKU-1001,Grocery,180,706,5.03,144.0,141.52,145.48,142.93,gradient_boosting,142.93
2025-03-04,Hartford,SKU-1001,Grocery,200,564,4.51,187.0,169.93,169.05,174.84,gradient_boosting,174.84
2025-03-05,Hartford,SKU-1001,Grocery,170,400,4.96,142.0,165.33,146.99,149.92,gradient_boosting,149.92
2025-03-06,Hartford,SKU-1001,Grocery,157,558,5.06,198.0,162.9,146.31,149.1,gradient_boosting,149.1
2025-03-07,Hartford,SKU-1001,Grocery,133,777,4.97,165.0,165.24,197.7,184.57,gradient_boosting,184.57
2025-03-08,Hartford,SKU-1001,Grocery,237,515,4.97,181.0,169.48,196.47,182.68,gradient_boosting,182.68
2025-03-09,Hartford,SKU-1001,Grocery,193,343,4.98,186.0,177.16,189.26,189.15,gradient_boosting,189.15
2025-03-10,Hartford,SKU-1001,Grocery,135,479,4.97,180.0,158.68,149.72,150.76,gradient_boosting,150.76
2025-03-11,Hartford,SKU-1001,Grocery,157,559,5.07,200.0,167.98,152.56,154.1,gradient_boosting,154.1
2025-03-12,Hartford,SKU-1001,Grocery,160,346,5.01,170.0,161.36,154.78,150.95,gradient_boosting,150.95
2025-03-13,Hartford,SKU-1001,Grocery,106,412,4.97,157.0,169.77,148.76,154.77,gradient_boosting,154.77
2025-03-14,Hartford,SKU-1001,Grocery,311,445,4.48,133.0,176.29,220.86,221.65,gradient_boosting,221.65
2025-03-15,Hartford,SKU-1001,Grocery,174,908,4.95,237.0,175.52,170.0,184.84,gradient_boosting,184.84
2025-03-16,Hartford,SKU-1001,Grocery,128,538,4.98,193.0,180.13,195.95,190.68,gradient_boosting,190.68
2025-03-17,Hartford,SKU-1001,Grocery,101,534,5.03,135.0,159.63,154.81,154.28,gradient_boosting,154.28
2025-03-18,Hartford,SKU-1001,Grocery,128,455,4.88,157.0,168.21,156.05,158.05,gradient_boosting,158.05
2025-03-19,Hartford,SKU-1001,Grocery,156,452,4.88,160.0,163.16,154.46,153.37,gradient_boosting,153.37
2025-03-20,Hartford,SKU-1001,Grocery,146,626,4.96,106.0,151.28,150.05,146.39,gradient_boosting,146.39
2025-03-21,Hartford,SKU-1001,Grocery,201,408,5.07,311.0,180.87,186.22,181.91,gradient_boosting,181.91
2025-03-22,Hartford,SKU-1001,Grocery,263,642,4.88,174.0,179.36,186.03,183.06,gradient_boosting,183.06
2025-03-23,Hartford,SKU-1001,Grocery,268,887,4.61,128.0,181.76,207.66,200.64,gradient_boosting,200.64
2025-03-24,Hartford,SKU-1001,Grocery,128,722,4.5,101.0,163.81,189.66,183.07,gradient_boosting,183.07
2025-03-25,Hartford,SKU-1001,Grocery,154,621,4.96,128.0,158.25,153.62,148.93,gradient_boosting,148.93
2025-03-26,Hartford,SKU-1001,Grocery,132,451,4.95,156.0,168.92,153.56,159.84,gradient_boosting,159.84
2025-03-27,Hartford,SKU-1001,Grocery,177,223,5.0,146.0,162.98,158.07,159.27,gradient_boosting,159.27
2025-03-28,Hartford,SKU-1001,Grocery,102,680,5.0,201.0,201.9,191.37,192.17,gradient_boosting,192.17
2025-03-29,Hartford,SKU-1001,Grocery,254,677,4.86,263.0,183.53,185.77,208.83,gradient_boosting,208.83
2025-03-30,Hartford,SKU-1001,Grocery,139,521,5.0,268.0,180.45,194.43,195.16,gradient_boosting,195.16
2025-03-31,Hartford,SKU-1001,Grocery,196,285,4.49,128.0,167.95,189.37,187.43,gradient_boosting,187.43
2025-04-01,Hartford,SKU-1001,Grocery,152,430,4.94,154.0,157.2,156.4,161.94,gradient_boosting,161.94
2025-04-02,Hartford,SKU-1001,Grocery,141,572,5.02,132.0,158.09,157.43,160.65,gradient_boosting,160.65
2025-04-03,Hartford,SKU-1001,Grocery,175,963,5.1,177.0,155.58,152.0,162.5,gradient_boosting,162.5
2025-04-04,Hartford,SKU-1001,Grocery,177,68,4.97,102.0,177.77,205.34,210.82,gradient_boosting,210.82
2025-04-05,Hartford,SKU-1001,Grocery,252,265,5.09,254.0,208.42,203.48,220.62,gradient_boosting,220.62
2025-04-06,Hartford,SKU-1001,Grocery,150,611,4.96,139.0,190.81,209.17,222.49,gradient_boosting,222.49
2025-04-07,Hartford,SKU-1001,Grocery,133,516,5.06,196.0,160.96,152.84,162.08,gradient_boosting,162.08
2025-04-08,Hartford,SKU-1001,Grocery,165,664,5.01,152.0,158.33,155.16,170.95,gradient_boosting,170.95
2025-04-09,Hartford,SKU-1001,Grocery,171,519,5.05,141.0,157.88,155.59,162.89,gradient_boosting,162.89
2025-04-10,Hartford,SKU-1001,Grocery,209,614,4.45,175.0,187.77,178.77,201.87,gradient_boosting,201.87
2025-04-11,Hartford,SKU-1001,Grocery,179,642,4.95,177.0,157.69,188.91,196.91,gradient_boosting,196.91
2025-04-12,Hartford,SKU-1001,Grocery,221,521,4.99,252.0,199.15,196.31,196.37,gradient_boosting,196.37
2025-04-13,Hartford,SKU-1001,Grocery,220,316,4.95,150.0,170.25,201.21,183.6,gradient_boosting,183.6
2025-04-14,Hartford,SKU-1001,Grocery,128,436,4.98,133.0,168.41,151.96,160.39,gradient_boosting,160.39
2025-04-15,Hartford,SKU-1001,Grocery,146,348,4.95,165.0,167.19,164.85,156.9,gradient_boosting,156.9
2025-04-16,Hartford,SKU-1001,Grocery,127,169,5.09,171.0,172.07,166.71,161.61,gradient_boosting,161.61
2025-04-17,Hartford,SKU-1001,Grocery,156,407,4.87,209.0,178.62,162.1,155.94,gradient_boosting,155.94
2025-04-18,Hartford,SKU-1001,Grocery,199,458,4.93,179.0,175.87,195.14,187.27,gradient_boosting,187.27
2025-04-19,Hartford,SKU-1001,Grocery,183,603,4.96,221.0,194.74,181.22,189.29,gradient_boosting,189.29
2025-04-20,Hartford,SKU-1001,Grocery,167,219,5.01,220.0,182.07,189.37,186.93,gradient_boosting,186.93
2025-04-21,Hartford,SKU-1001,Grocery,151,375,4.96,128.0,151.05,154.16,152.83,gradient_boosting,152.83
2025-04-22,Hartford,SKU-1001,Grocery,172,258,5.06,146.0,161.91,162.4,153.36,gradient_boosting,153.36
2025-04-23,Hartford,SKU-1001,Grocery,124,618,5.03,127.0,156.3,147.93,150.56,gradient_boosting,150.56
2025-04-24,Hartford,SKU-1001,Grocery,189,414,5.01,156.0,172.24,147.05,153.64,gradient_boosting,153.64
2025-04-25,Hartford,SKU-1001,Grocery,198,424,4.92,199.0,176.41,193.1,186.7,gradient_boosting,186.7
2025-04-26,Hartford,SKU-1001,Grocery,144,529,5.08,183.0,181.63,189.44,189.46,gradient_boosting,189.46
2025-04-27,Hartford,SKU-1001,Grocery,242,666,4.92,167.0,174.71,173.91,179.06,gradient_boosting,179.06
2025-04-28,Hartford,SKU-1001,Grocery,144,610,5.02,151.0,149.95,149.16,148.87,gradient_boosting,148.87
2025-04-29,Hartford,SKU-1001,Grocery,131,575,4.92,172.0,158.27,151.04,149.91,gradient_boosting,149.91
2025-04-30,Hartford,SKU-1001,Grocery,106,431,5.16,124.0,151.12,147.0,149.41,gradient_boosting,149.41
2025-03-02,Hartford,SKU-1002,Grocery,107,516,8.6,171.0,142.88,156.99,159.31,gradient_boosting,159.31
2025-03-03,Hartford,SKU-1002,Grocery,144,133,8.48,125.0,143.75,137.4,131.31,gradient_boosting,131.31
2025-03-04,Hartford,SKU-1002,Grocery,127,332,8.53,156.0,140.0,139.35,131.09,gradient_boosting,131.09
2025-03-05,Hartford,SKU-1002,Grocery,117,474,8.51,126.0,134.04,136.45,130.71,gradient_boosting,130.71
2025-03-06,Hartford,SKU-1002,Grocery,143,617,8.31,157.0,134.58,132.78,128.4,gradient_boosting,128.4
2025-03-07,Hartford,SKU-1002,Grocery,163,326,8.67,183.0,154.1,164.06,160.28,gradient_boosting,160.28
2025-03-08,Hartford,SKU-1002,Grocery,167,540,8.53,247.0,168.5,159.44,156.38,gradient_boosting,156.38
2025-03-09,Hartford,SKU-1002,Grocery,183,364,8.36,107.0,147.29,156.92,153.85,gradient_boosting,153.85
2025-03-10,Hartford,SKU-1002,Grocery,115,388,7.99,144.0,132.68,123.7,126.08,gradient_boosting,126.08
2025-03-11,Hartford,SKU-1002,Grocery,97,287,7.9,127.0,155.64,164.23,154.8,gradient_boosting,154.8
2025-03-12,Hartford,SKU-1002,Grocery,112,150,8.62,117.0,136.1,118.91,122.28,gradient_boosting,122.28
2025-03-13,Hartford,SKU-1002,Grocery,170,419,8.6,143.0,143.08,130.71,122.64,gradient_boosting,122.64
2025-03-14,Hartford,SKU-1002,Grocery,149,643,8.4,163.0,148.6,164.81,159.22,gradient_boosting,159.22
2025-03-15,Hartford,SKU-1002,Grocery,119,361,8.33,167.0,169.04,166.81,173.84,gradient_boosting,173.84
2025-03-16,Hartford,SKU-1002,Grocery,155,372,8.39,183.0,145.18,157.0,149.98,gradient_boosting,149.98
2025-03-17,Hartford,SKU-1002,Grocery,117,349,8.24,115.0,131.84,124.17,129.54,gradient_boosting,129.54
2025-03-18,Hartford,SKU-1002,Grocery,114,77,7.76,97.0,150.43,163.92,151.83,gradient_boosting,151.83
2025-03-19,Hartford,SKU-1002,Grocery,127,598,8.54,112.0,124.09,118.86,118.14,gradient_boosting,118.14
2025-03-20,Hartford,SKU-1002,Grocery,160,29,8.69,170.0,149.75,117.93,120.16,gradient_boosting,120.16
2025-03-21,Hartford,SKU-1002,Grocery,155,469,8.28,149.0,145.3,160.02,157.99,gradient_boosting,157.99
2025-03-22,Hartford,SKU-1002,Grocery,149,455,8.63,119.0,144.89,161.02,156.82,gradient_boosting,156.82
2025-03-23,Hartford,SKU-1002,Grocery,149,108,8.54,155.0,159.49,150.93,151.05,gradient_boosting,151.05
2025-03-24,Hartford,SKU-1002,Grocery,122,426,8.56,117.0,125.01,123.93,122.61,gradient_boosting,122.61
2025-03-25,Hartford,SKU-1002,Grocery,112,445,8.42,114.0,122.78,123.13,121.95,gradient_boosting,121.95
2025-03-26,Hartford,SKU-1002,Grocery,102,434,8.73,127.0,128.02,120.57,122.88,gradient_boosting,122.88
2025-03-27,Hartford,SKU-1002,Grocery,143,436,7.56,160.0,160.92,158.15,147.22,gradient_boosting,147.22
2025-03-28,Hartford,SKU-1002,Grocery,198,371,8.43,155.0,140.68,152.39,151.42,gradient_boosting,151.42
2025-03-29,Hartford,SKU-1002,Grocery,187,388,8.28,149.0,139.8,153.46,150.41,gradient_boosting,150.41
2025-03-30,Hartford,SKU-1002,Grocery,177,297,8.45,149.0,146.44,137.67,146.47,gradient_boosting,146.47
2025-03-31,Hartford,SKU-1002,Grocery,157,536,8.48,122.0,124.55,125.26,121.9,gradient_boosting,121.9
2025-04-01,Hartford,SKU-1002,Grocery,153,432,7.72,112.0,142.16,162.63,157.93,gradient_boosting,157.93
2025-04-02,Hartford,SKU-1002,Grocery,137,318,8.62,102.0,130.81,122.75,126.8,gradient_boosting,126.8
2025-04-03,Hartford,SKU-1002,Grocery,124,273,8.76,143.0,148.45,127.23,128.51,gradient_boosting,128.51
2025-04-04,Hartford,SKU-1002,Grocery,133,460,8.49,198.0,150.77,155.76,158.34,gradient_boosting,158.34
2025-04-05,Hartford,SKU-1002,Grocery,116,256,8.51,187.0,152.89,151.46,154.71,gradient_boosting,154.71
2025-04-06,Hartford,SKU-1002,Grocery,157,214,8.24,177.0,152.75,148.92,153.55,gradient_boosting,153.55
2025-04-07,Hartford,SKU-1002,Grocery,148,509,8.21,157.0,126.77,116.2,123.0,gradient_boosting,123.0
2025-04-08,Hartford,SKU-1002,Grocery,106,431,8.62,153.0,127.42,111.97,118.66,gradient_boosting,118.66
2025-04-09,Hartford,SKU-1002,Grocery,131,427,8.64,137.0,124.23,112.73,118.73,gradient_boosting,118.73
2025-04-10,Hartford,SKU-1002,Grocery,161,227,8.71,124.0,135.98,118.94,118.91,gradient_boosting,118.91
2025-04-11,Hartford,SKU-1002,Grocery,134,432,8.42,133.0,145.27,150.8,151.48,gradient_boosting,151.48
2025-04-12,Hartford,SKU-1002,Grocery,168,302,8.68,116.0,147.5,152.66,150.76,gradient_boosting,150.76
2025-04-13,Hartford,SKU-1002,Grocery,200,320,8.51,157.0,152.86,141.1,151.92,gradient_boosting,151.92
2025-04-14,Hartford,SKU-1002,Grocery,136,334,8.49,148.0,139.26,119.51,120.97,gradient_boosting,120.97
2025-04-15,Hartford,SKU-1002,Grocery,107,300,8.7,106.0,135.02,113.26,121.86,gradient_boosting,121.86
2025-04-16,Hartford,SKU-1002,Grocery,110,539,8.34,131.0,132.37,120.57,120.89,gradient_boosting,120.89
2025-04-17,Hartford,SKU-1002,Grocery,106,567,8.68,161.0,132.8,110.48,117.61,gradient_boosting,117.61
2025-04-18,Hartford,SKU-1002,Grocery,142,481,8.69,134.0,132.29,139.1,146.18,gradient_boosting,146.18
2025-04-19,Hartford,SKU-1002,Grocery,133,464,8.51,168.0,138.5,143.62,150.07,gradient_boosting,150.07
2025-04-20,Hartford,SKU-1002,Grocery,194,451,7.59,200.0,166.16,177.09,176.78,gradient_boosting,176.78
2025-04-21,Hartford,SKU-1002,Grocery,122,527,8.51,136.0,128.46,121.55,122.76,gradient_boosting,122.76
2025-04-22,Hartford,SKU-1002,Grocery,118,498,8.5,107.0,120.39,126.95,123.11,gradient_boosting,123.11
2025-04-23,Hartford,SKU-1002,Grocery,101,585,8.79,110.0,123.99,118.97,117.76,gradient_boosting,117.76
2025-04-24,Hartford,SKU-1002,Grocery,104,548,8.43,106.0,132.12,122.37,121.9,gradient_boosting,121.9
2025-04-25,Hartford,SKU-1002,Grocery,133,407,8.39,142.0,135.85,156.15,150.41,gradient_boosting,150.41
2025-04-26,Hartford,SKU-1002,Grocery,191,575,8.38,133.0,138.27,142.1,151.02,gradient_boosting,151.02
2025-04-27,Hartford,SKU-1002,Grocery,165,28,8.37,194.0,166.07,158.15,159.91,gradient_boosting,159.91
2025-04-28,Hartford,SKU-1002,Grocery,155,384,8.35,122.0,126.83,123.88,123.71,gradient_boosting,123.71
2025-04-29,Hartford,SKU-1002,Grocery,126,389,8.52,118.0,122.0,116.06,119.63,gradient_boosting,119.63
2025-04-30,Hartford,SKU-1002,Grocery,156,345,8.3,101.0,123.93,120.89,123.37,gradient_boosting,123.37
