data/processed/forecast_results.csv
date,store,sku,category,units_sold,inventory_on_hand,price,pred_lag_7_baseline,pred_ridge_regression,pred_random_forest,pred_gradient_boosting,best_model,forecast_units
2025-03-02,New Haven,SKU-1001,Grocery,179,616,5.16,167.0,191.69,193.93,185.48,gradient_boosting,185.48
2025-03-03,New Haven,SKU-1001,Grocery,175,237,5.07,132.0,161.24,158.14,156.54,gradient_boosting,156.54
2025-03-04,New Haven,SKU-1001,Grocery,223,285,5.03,202.0,192.17,159.95,162.28,gradient_boosting,162.28
2025-03-05,New Haven,SKU-1001,Grocery,176,518,5.0,149.0,167.26,158.42,164.72,gradient_boosting,164.72
2025-03-06,New Haven,SKU-1001,Grocery,187,573,5.0,134.0,164.91,159.37,162.8,gradient_boosting,162.8
2025-03-07,New Haven,SKU-1001,Grocery,276,269,5.0,221.0,182.33,198.61,199.76,gradient_boosting,199.76
2025-03-08,New Haven,SKU-1001,Grocery,200,661,5.09,200.0,181.76,189.16,194.63,gradient_boosting,194.63
2025-03-09,New Haven,SKU-1001,Grocery,153,366,4.92,179.0,187.02,196.15,199.58,gradient_boosting,199.58
2025-03-10,New Haven,SKU-1001,Grocery,153,486,5.01,175.0,165.01,163.6,164.34,gradient_boosting,164.34
2025-03-11,New Haven,SKU-1001,Grocery,130,529,5.01,223.0,185.59,171.17,172.25,gradient_boosting,172.25
2025-03-12,New Haven,SKU-1001,Grocery,154,346,4.99,176.0,171.69,166.14,162.7,gradient_boosting,162.7
2025-03-13,New Haven,SKU-1001,Grocery,178,668,4.89,187.0,166.94,162.08,157.41,gradient_boosting,157.41
2025-03-14,New Haven,SKU-1001,Grocery,211,462,5.06,276.0,198.12,186.78,196.73,gradient_boosting,196.73
2025-03-15,New Haven,SKU-1001,Grocery,226,341,4.46,200.0,206.08,244.85,239.77,gradient_boosting,239.77
2025-03-16,New Haven,SKU-1001,Grocery,216,451,5.04,153.0,176.73,197.82,193.58,gradient_boosting,193.58
2025-03-17,New Haven,SKU-1001,Grocery,203,536,4.96,153.0,165.4,159.34,154.87,gradient_boosting,154.87
2025-03-18,New Haven,SKU-1001,Grocery,165,107,5.11,130.0,183.57,166.79,177.04,gradient_boosting,177.04
2025-03-19,New Haven,SKU-1001,Grocery,160,591,4.97,154.0,168.72,156.47,160.15,gradient_boosting,160.15
2025-03-20,New Haven,SKU-1001,Grocery,164,543,5.0,178.0,175.38,154.49,157.03,gradient_boosting,157.03
2025-03-21,New Haven,SKU-1001,Grocery,211,327,4.97,211.0,202.35,200.37,209.56,gradient_boosting,209.56
2025-03-22,New Haven,SKU-1001,Grocery,255,639,5.1,226.0,187.56,195.27,196.32,gradient_boosting,196.32
2025-03-23,New Haven,SKU-1001,Grocery,225,469,5.0,216.0,185.81,199.12,199.04,gradient_boosting,199.04
2025-03-24,New Haven,SKU-1001,Grocery,127,756,4.94,203.0,166.96,158.06,158.0,gradient_boosting,158.0
2025-03-25,New Haven,SKU-1001,Grocery,185,791,4.94,165.0,159.13,161.01,161.73,gradient_boosting,161.73
2025-03-26,New Haven,SKU-1001,Grocery,164,436,4.95,160.0,170.54,173.96,168.27,gradient_boosting,168.27
2025-03-27,New Haven,SKU-1001,Grocery,217,403,5.0,164.0,178.78,168.04,167.15,gradient_boosting,167.15
2025-03-28,New Haven,SKU-1001,Grocery,177,742,5.01,211.0,187.3,214.21,198.92,gradient_boosting,198.92
2025-03-29,New Haven,SKU-1001,Grocery,147,553,5.01,255.0,201.28,218.3,210.68,gradient_boosting,210.68
2025-03-30,New Haven,SKU-1001,Grocery,282,789,5.16,225.0,188.22,197.73,188.54,gradient_boosting,188.54
2025-03-31,New Haven,SKU-1001,Grocery,176,337,4.97,127.0,176.71,163.37,166.42,gradient_boosting,166.42
2025-04-01,New Haven,SKU-1001,Grocery,194,659,4.91,185.0,173.09,166.23,166.05,gradient_boosting,166.05
2025-04-02,New Haven,SKU-1001,Grocery,174,577,5.15,164.0,171.54,167.59,165.5,gradient_boosting,165.5
2025-04-03,New Haven,SKU-1001,Grocery,173,569,4.95,217.0,181.55,165.43,166.75,gradient_boosting,166.75
2025-04-04,New Haven,SKU-1001,Grocery,233,453,5.01,177.0,187.96,215.08,205.72,gradient_boosting,205.72
2025-04-05,New Haven,SKU-1001,Grocery,279,281,4.83,147.0,198.65,235.44,235.71,gradient_boosting,235.71
2025-04-06,New Haven,SKU-1001,Grocery,240,386,4.95,282.0,213.96,217.84,214.99,gradient_boosting,214.99
2025-04-07,New Haven,SKU-1001,Grocery,144,272,4.84,176.0,174.01,183.07,174.18,gradient_boosting,174.18
2025-04-08,New Haven,SKU-1001,Grocery,133,486,4.99,194.0,182.19,167.23,163.69,gradient_boosting,163.69
2025-04-09,New Haven,SKU-1001,Grocery,153,338,5.05,174.0,181.09,171.57,173.64,gradient_boosting,173.64
2025-04-10,New Haven,SKU-1001,Grocery,204,148,5.01,173.0,194.95,168.33,170.77,gradient_boosting,170.77
2025-04-11,New Haven,SKU-1001,Grocery,249,510,4.94,233.0,191.42,203.63,205.03,gradient_boosting,205.03
2025-04-12,New Haven,SKU-1001,Grocery,197,497,5.06,279.0,194.53,214.97,197.26,gradient_boosting,197.26
2025-04-13,New Haven,SKU-1001,Grocery,179,622,4.95,240.0,212.14,209.89,214.1,gradient_boosting,214.1
2025-04-14,New Haven,SKU-1001,Grocery,172,689,4.99,144.0,167.87,168.51,163.27,gradient_boosting,163.27
2025-04-15,New Haven,SKU-1001,Grocery,143,459,4.92,133.0,174.57,161.95,164.57,gradient_boosting,164.57
2025-04-16,New Haven,SKU-1001,Grocery,115,644,4.96,153.0,171.3,163.84,160.18,gradient_boosting,160.18
2025-04-17,New Haven,SKU-1001,Grocery,134,460,5.12,204.0,181.57,160.74,155.83,gradient_boosting,155.83
2025-04-18,New Haven,SKU-1001,Grocery,306,237,4.55,249.0,220.94,242.95,238.45,gradient_boosting,238.45
2025-04-19,New Haven,SKU-1001,Grocery,241,511,4.73,197.0,204.66,231.23,242.89,gradient_boosting,242.89
2025-04-20,New Haven,SKU-1001,Grocery,191,620,4.81,179.0,196.01,233.38,195.59,gradient_boosting,195.59
2025-04-21,New Haven,SKU-1001,Grocery,239,555,4.98,172.0,168.9,171.31,166.13,gradient_boosting,166.13
2025-04-22,New Haven,SKU-1001,Grocery,190,388,4.94,143.0,171.6,179.86,175.24,gradient_boosting,175.24
2025-04-23,New Haven,SKU-1001,Grocery,152,529,5.02,115.0,170.38,164.17,169.67,gradient_boosting,169.67
2025-04-24,New Haven,SKU-1001,Grocery,104,492,5.13,134.0,185.21,158.69,174.66,gradient_boosting,174.66
2025-04-25,New Haven,SKU-1001,Grocery,240,361,5.06,306.0,219.1,226.88,219.46,gradient_boosting,219.46
2025-04-26,New Haven,SKU-1001,Grocery,253,50,5.01,241.0,209.87,232.06,225.26,gradient_boosting,225.26
2025-04-27,New Haven,SKU-1001,Grocery,235,365,5.03,191.0,195.61,236.76,215.22,gradient_boosting,215.22
2025-04-28,New Haven,SKU-1001,Grocery,233,504,4.45,239.0,204.88,219.66,193.62,gradient_boosting,193.62
2025-04-29,New Haven,SKU-1001,Grocery,116,449,5.05,190.0,178.68,178.64,173.17,gradient_boosting,173.17
2025-04-30,New Haven,SKU-1001,Grocery,203,132,4.43,152.0,191.76,236.38,229.07,gradient_boosting,229.07
2025-03-02,New Haven,SKU-1002,Grocery,164,276,8.5,135.0,166.89,182.34,184.49,gradient_boosting,184.49
2025-03-03,New Haven,SKU-1002,Grocery,181,299,7.8,132.0,145.69,167.56,161.08,gradient_boosting,161.08
2025-03-04,New Haven,SKU-1002,Grocery,101,396,7.71,156.0,163.74,161.07,169.32,gradient_boosting,169.32
2025-03-05,New Haven,SKU-1002,Grocery,173,363,8.46,134.0,141.17,136.31,139.19,gradient_boosting,139.19
2025-03-06,New Haven,SKU-1002,Grocery,113,483,8.6,143.0,151.86,133.83,141.6,gradient_boosting,141.6
2025-03-07,New Haven,SKU-1002,Grocery,174,386,8.68,200.0,163.7,183.78,177.4,gradient_boosting,177.4
2025-03-08,New Haven,SKU-1002,Grocery,157,363,8.59,222.0,168.27,174.95,177.4,gradient_boosting,177.4
2025-03-09,New Haven,SKU-1002,Grocery,222,486,8.48,164.0,150.92,171.63,168.9,gradient_boosting,168.9
2025-03-10,New Haven,SKU-1002,Grocery,99,543,8.47,181.0,141.47,123.38,135.25,gradient_boosting,135.25
2025-03-11,New Haven,SKU-1002,Grocery,129,388,8.69,101.0,140.29,136.47,133.67,gradient_boosting,133.67
2025-03-12,New Haven,SKU-1002,Grocery,137,747,8.34,173.0,139.15,140.04,133.94,gradient_boosting,133.94
2025-03-13,New Haven,SKU-1002,Grocery,162,301,8.5,113.0,144.14,135.26,134.29,gradient_boosting,134.29
2025-03-14,New Haven,SKU-1002,Grocery,136,485,8.67,174.0,162.5,181.75,176.05,gradient_boosting,176.05
2025-03-15,New Haven,SKU-1002,Grocery,155,605,8.67,157.0,162.55,166.59,165.43,gradient_boosting,165.43
2025-03-16,New Haven,SKU-1002,Grocery,103,453,8.58,222.0,165.18,175.58,167.44,gradient_boosting,167.44
2025-03-17,New Haven,SKU-1002,Grocery,122,281,8.38,99.0,141.13,136.07,134.04,gradient_boosting,134.04
2025-03-18,New Haven,SKU-1002,Grocery,144,281,8.64,129.0,131.61,134.55,130.56,gradient_boosting,130.56
2025-03-19,New Haven,SKU-1002,Grocery,105,141,8.5,137.0,152.23,138.2,133.42,gradient_boosting,133.42
2025-03-20,New Haven,SKU-1002,Grocery,144,448,8.35,162.0,137.8,133.48,130.95,gradient_boosting,130.95
2025-03-21,New Haven,SKU-1002,Grocery,199,255,8.53,136.0,151.14,166.43,164.58,gradient_boosting,164.58
2025-03-22,New Haven,SKU-1002,Grocery,149,438,8.44,155.0,150.24,163.84,160.99,gradient_boosting,160.99
2025-03-23,New Haven,SKU-1002,Grocery,140,194,8.51,103.0,161.67,167.23,165.77,gradient_boosting,165.77
2025-03-24,New Haven,SKU-1002,Grocery,106,473,8.57,122.0,126.06,129.24,131.95,gradient_boosting,131.95
2025-03-25,New Haven,SKU-1002,Grocery,146,212,8.43,144.0,140.8,128.24,127.32,gradient_boosting,127.32
2025-03-26,New Haven,SKU-1002,Grocery,186,357,8.18,105.0,135.74,128.84,130.35,gradient_boosting,130.35
2025-03-27,New Haven,SKU-1002,Grocery,84,489,8.4,144.0,146.82,134.58,140.27,gradient_boosting,140.27
2025-03-28,New Haven,SKU-1002,Grocery,89,309,8.32,199.0,152.36,164.67,159.17,gradient_boosting,159.17
2025-03-29,New Haven,SKU-1002,Grocery,183,349,8.8,149.0,147.19,153.11,151.03,gradient_boosting,151.03
2025-03-30,New Haven,SKU-1002,Grocery,164,170,8.47,140.0,144.1,151.45,153.02,gradient_boosting,153.02
2025-03-31,New Haven,SKU-1002,Grocery,130,407,8.44,106.0,127.15,129.44,125.25,gradient_boosting,125.25
2025-04-01,New Haven,SKU-1002,Grocery,104,284,8.4,146.0,139.53,132.69,123.86,gradient_boosting,123.86
2025-04-02,New Haven,SKU-1002,Grocery,106,351,8.52,186.0,136.39,126.48,123.7,gradient_boosting,123.7
2025-04-03,New Haven,SKU-1002,Grocery,130,457,8.35,84.0,127.13,121.54,120.73,gradient_boosting,120.73
2025-04-04,New Haven,SKU-1002,Grocery,166,295,8.5,89.0,143.57,159.81,157.99,gradient_boosting,157.99
2025-04-05,New Haven,SKU-1002,Grocery,176,418,8.45,183.0,148.62,146.25,151.66,gradient_boosting,151.66
2025-04-06,New Haven,SKU-1002,Grocery,153,352,8.66,164.0,147.39,153.42,149.9,gradient_boosting,149.9
2025-04-07,New Haven,SKU-1002,Grocery,146,652,8.35,130.0,119.08,128.6,122.81,gradient_boosting,122.81
2025-04-08,New Haven,SKU-1002,Grocery,111,469,8.55,104.0,127.96,116.07,122.94,gradient_boosting,122.94
2025-04-09,New Haven,SKU-1002,Grocery,122,372,8.5,106.0,139.01,119.15,123.73,gradient_boosting,123.73
2025-04-10,New Haven,SKU-1002,Grocery,139,674,8.53,130.0,119.98,129.91,123.18,gradient_boosting,123.18
2025-04-11,New Haven,SKU-1002,Grocery,132,479,8.44,166.0,132.31,146.65,150.79,gradient_boosting,150.79
2025-04-12,New Haven,SKU-1002,Grocery,163,77,8.69,176.0,160.05,158.63,153.69,gradient_boosting,153.69
2025-04-13,New Haven,SKU-1002,Grocery,171,207,8.47,153.0,152.31,153.74,154.53,gradient_boosting,154.53
2025-04-14,New Haven,SKU-1002,Grocery,89,560,8.56,146.0,128.33,127.1,122.73,gradient_boosting,122.73
2025-04-15,New Haven,SKU-1002,Grocery,124,431,8.6,111.0,120.77,120.17,120.62,gradient_boosting,120.62
2025-04-16,New Haven,SKU-1002,Grocery,154,269,8.36,122.0,129.08,130.51,124.28,gradient_boosting,124.28
2025-04-17,New Haven,SKU-1002,Grocery,186,184,7.53,139.0,155.98,166.19,154.26,gradient_boosting,154.26
2025-04-18,New Haven,SKU-1002,Grocery,149,324,8.4,132.0,144.43,154.73,155.86,gradient_boosting,155.86
2025-04-19,New Haven,SKU-1002,Grocery,219,286,8.3,163.0,154.78,150.68,156.37,gradient_boosting,156.37
2025-04-20,New Haven,SKU-1002,Grocery,154,362,8.32,171.0,153.26,157.09,162.97,gradient_boosting,162.97
2025-04-21,New Haven,SKU-1002,Grocery,130,335,8.42,89.0,130.86,128.64,127.38,gradient_boosting,127.38
2025-04-22,New Haven,SKU-1002,Grocery,220,351,7.75,124.0,149.88,170.19,157.53,gradient_boosting,157.53
2025-04-23,New Haven,SKU-1002,Grocery,184,311,8.51,154.0,141.25,123.38,127.11,gradient_boosting,127.11
2025-04-24,New Haven,SKU-1002,Grocery,146,330,8.34,186.0,153.38,136.37,133.2,gradient_boosting,133.2
2025-04-25,New Haven,SKU-1002,Grocery,207,340,7.64,149.0,163.34,201.48,199.5,gradient_boosting,199.5
2025-04-26,New Haven,SKU-1002,Grocery,132,130,8.25,219.0,171.25,180.48,183.02,gradient_boosting,183.02
2025-04-27,New Haven,SKU-1002,Grocery,197,383,7.61,154.0,175.65,203.14,203.86,gradient_boosting,203.86
2025-04-28,New Haven,SKU-1002,Grocery,192,633,8.71,130.0,124.36,132.16,129.38,gradient_boosting,129.38
2025-04-29,New Haven,SKU-1002,Grocery,95,379,8.42,220.0,153.49,131.73,141.24,gradient_boosting,141.24
2025-04-30,New Haven,SKU-1002,Grocery,122,580,8.6,184.0,149.06,127.12,143.7,gradient_boosting,143.7
