data/processed/forecast_results.csv
date,store,sku,category,units_sold,inventory_on_hand,price,pred_lag_7_baseline,pred_ridge_regression,pred_random_forest,pred_gradient_boosting,best_model,forecast_units
2025-03-02,New Haven,SKU-2001,Health,75,240,13.02,78.0,64.54,64.1,65.01,gradient_boosting,65.01
2025-03-03,New Haven,SKU-2001,Health,57,244,13.09,40.0,52.76,51.19,52.69,gradient_boosting,52.69
2025-03-04,New Haven,SKU-2001,Health,52,394,13.09,44.0,49.32,52.75,52.69,gradient_boosting,52.69
2025-03-05,New Haven,SKU-2001,Health,45,152,12.99,71.0,58.27,54.98,53.92,gradient_boosting,53.92
2025-03-06,New Haven,SKU-2001,Health,50,306,12.6,52.0,52.32,51.95,52.59,gradient_boosting,52.59
2025-03-07,New Haven,SKU-2001,Health,69,345,12.42,65.0,57.78,73.94,65.52,gradient_boosting,65.52
2025-03-08,New Haven,SKU-2001,Health,73,220,12.88,58.0,63.17,66.18,64.21,gradient_boosting,64.21
2025-03-09,New Haven,SKU-2001,Health,103,222,11.73,75.0,86.0,83.45,78.82,gradient_boosting,78.82
2025-03-10,New Haven,SKU-2001,Health,57,275,13.16,57.0,47.66,53.57,51.9,gradient_boosting,51.9
2025-03-11,New Haven,SKU-2001,Health,55,303,12.6,52.0,50.57,54.0,52.41,gradient_boosting,52.41
2025-03-12,New Haven,SKU-2001,Health,56,316,13.15,45.0,56.31,49.51,52.56,gradient_boosting,52.56
2025-03-13,New Haven,SKU-2001,Health,44,346,12.83,50.0,55.35,56.18,52.94,gradient_boosting,52.94
2025-03-14,New Haven,SKU-2001,Health,78,278,12.99,69.0,63.7,67.46,65.52,gradient_boosting,65.52
2025-03-15,New Haven,SKU-2001,Health,88,203,12.72,73.0,66.15,72.4,65.52,gradient_boosting,65.52
2025-03-16,New Haven,SKU-2001,Health,69,283,12.99,103.0,74.03,73.86,67.18,gradient_boosting,67.18
2025-03-17,New Haven,SKU-2001,Health,42,63,13.0,57.0,57.3,57.91,52.94,gradient_boosting,52.94
2025-03-18,New Haven,SKU-2001,Health,55,35,12.97,55.0,58.45,58.6,53.01,gradient_boosting,53.01
2025-03-19,New Haven,SKU-2001,Health,55,277,13.23,56.0,53.86,55.48,52.67,gradient_boosting,52.67
2025-03-20,New Haven,SKU-2001,Health,47,166,12.7,44.0,56.74,52.75,52.62,gradient_boosting,52.62
2025-03-21,New Haven,SKU-2001,Health,104,212,12.79,78.0,64.8,64.54,65.52,gradient_boosting,65.52
2025-03-22,New Haven,SKU-2001,Health,77,217,11.78,88.0,87.54,80.3,84.81,gradient_boosting,84.81
2025-03-23,New Haven,SKU-2001,Health,58,289,12.89,69.0,72.31,67.02,65.69,gradient_boosting,65.69
2025-03-24,New Haven,SKU-2001,Health,43,130,12.45,42.0,53.63,62.11,54.21,gradient_boosting,54.21
2025-03-25,New Haven,SKU-2001,Health,68,286,13.15,55.0,54.87,53.32,54.72,gradient_boosting,54.72
2025-03-26,New Haven,SKU-2001,Health,50,150,12.79,55.0,59.92,61.72,54.78,gradient_boosting,54.78
2025-03-27,New Haven,SKU-2001,Health,48,179,12.94,47.0,56.37,58.55,54.36,gradient_boosting,54.36
2025-03-28,New Haven,SKU-2001,Health,63,313,13.01,104.0,69.92,70.55,68.48,gradient_boosting,68.48
2025-03-29,New Haven,SKU-2001,Health,63,305,13.26,77.0,68.39,62.52,65.99,gradient_boosting,65.99
2025-03-30,New Haven,SKU-2001,Health,62,368,13.23,58.0,64.18,67.3,65.57,gradient_boosting,65.57
2025-03-31,New Haven,SKU-2001,Health,58,223,13.08,43.0,49.78,58.32,52.66,gradient_boosting,52.66
2025-04-01,New Haven,SKU-2001,Health,57,146,13.12,68.0,58.81,57.68,54.58,gradient_boosting,54.58
2025-04-02,New Haven,SKU-2001,Health,63,186,12.62,50.0,57.41,55.05,54.78,gradient_boosting,54.78
2025-04-03,New Haven,SKU-2001,Health,43,256,13.24,48.0,54.35,52.19,54.3,gradient_boosting,54.3
2025-04-04,New Haven,SKU-2001,Health,61,196,12.97,63.0,69.72,66.5,66.66,gradient_boosting,66.66
2025-04-05,New Haven,SKU-2001,Health,85,216,12.76,63.0,67.52,67.22,66.82,gradient_boosting,66.82
2025-04-06,New Haven,SKU-2001,Health,55,258,12.1,62.0,81.22,82.01,76.88,gradient_boosting,76.88
2025-04-07,New Haven,SKU-2001,Health,28,227,12.77,58.0,50.16,54.45,52.6,gradient_boosting,52.6
2025-04-08,New Haven,SKU-2001,Health,61,434,12.97,57.0,50.62,49.18,52.52,gradient_boosting,52.52
2025-04-09,New Haven,SKU-2001,Health,50,253,13.02,63.0,54.76,51.96,54.19,gradient_boosting,54.19
2025-04-10,New Haven,SKU-2001,Health,47,271,13.13,43.0,53.66,54.49,52.08,gradient_boosting,52.08
2025-04-11,New Haven,SKU-2001,Health,73,296,12.68,61.0,59.88,71.45,65.52,gradient_boosting,65.52
2025-04-12,New Haven,SKU-2001,Health,44,233,12.86,85.0,65.43,65.31,66.51,gradient_boosting,66.51
2025-04-13,New Haven,SKU-2001,Health,68,123,12.85,55.0,64.52,71.66,62.81,gradient_boosting,62.81
2025-04-14,New Haven,SKU-2001,Health,40,339,13.16,28.0,44.48,52.35,51.08,gradient_boosting,51.08
2025-04-15,New Haven,SKU-2001,Health,64,209,12.83,61.0,53.91,50.33,53.93,gradient_boosting,53.93
2025-04-16,New Haven,SKU-2001,Health,44,329,12.83,50.0,52.08,52.13,52.49,gradient_boosting,52.49
2025-04-17,New Haven,SKU-2001,Health,55,320,13.41,47.0,49.65,52.08,49.63,gradient_boosting,49.63
2025-04-18,New Haven,SKU-2001,Health,60,225,11.57,73.0,76.55,71.12,77.69,gradient_boosting,77.69
2025-04-19,New Haven,SKU-2001,Health,80,188,12.88,44.0,62.82,62.95,58.19,gradient_boosting,58.19
2025-04-20,New Haven,SKU-2001,Health,66,163,12.97,68.0,62.76,65.91,62.86,gradient_boosting,62.86
2025-04-21,New Haven,SKU-2001,Health,44,130,12.98,40.0,44.79,48.5,47.87,gradient_boosting,47.87
2025-04-22,New Haven,SKU-2001,Health,55,215,13.19,64.0,54.27,49.36,51.74,gradient_boosting,51.74
2025-04-23,New Haven,SKU-2001,Health,68,347,12.93,44.0,49.24,47.07,48.59,gradient_boosting,48.59
2025-04-24,New Haven,SKU-2001,Health,68,169,11.9,55.0,71.28,64.31,63.1,gradient_boosting,63.1
2025-04-25,New Haven,SKU-2001,Health,62,330,13.1,60.0,58.27,64.64,62.88,gradient_boosting,62.88
2025-04-26,New Haven,SKU-2001,Health,67,271,12.99,80.0,61.83,68.05,63.04,gradient_boosting,63.04
2025-04-27,New Haven,SKU-2001,Health,63,187,13.03,66.0,66.37,63.93,65.52,gradient_boosting,65.52
2025-04-28,New Haven,SKU-2001,Health,52,207,12.69,44.0,46.03,52.0,51.94,gradient_boosting,51.94
2025-04-29,New Haven,SKU-2001,Health,40,288,12.94,55.0,53.37,50.1,50.56,gradient_boosting,50.56
2025-04-30,New Haven,SKU-2001,Health,58,232,12.9,68.0,53.05,50.15,51.39,gradient_boosting,51.39
2025-03-02,New Haven,SKU-2002,Health,55,206,18.61,43.0,50.69,51.8,48.16,gradient_boosting,48.16
2025-03-03,New Haven,SKU-2002,Health,43,258,19.34,32.0,31.23,40.13,37.93,gradient_boosting,37.93
2025-03-04,New Haven,SKU-2002,Health,52,154,19.14,43.0,38.14,38.9,39.68,gradient_boosting,39.68
2025-03-05,New Haven,SKU-2002,Health,44,287,18.72,30.0,35.3,39.84,37.85,gradient_boosting,37.85
2025-03-06,New Haven,SKU-2002,Health,40,152,18.87,38.0,41.49,38.87,40.62,gradient_boosting,40.62
2025-03-07,New Haven,SKU-2002,Health,39,98,18.71,60.0,47.9,49.62,48.77,gradient_boosting,48.77
2025-03-08,New Haven,SKU-2002,Health,55,190,18.72,47.0,50.99,50.71,48.48,gradient_boosting,48.48
2025-03-09,New Haven,SKU-2002,Health,46,144,19.26,55.0,50.35,48.46,47.95,gradient_boosting,47.95
2025-03-10,New Haven,SKU-2002,Health,48,291,19.27,43.0,34.04,37.52,38.97,gradient_boosting,38.97
2025-03-11,New Haven,SKU-2002,Health,45,108,18.91,52.0,42.92,40.69,40.68,gradient_boosting,40.68
2025-03-12,New Haven,SKU-2002,Health,45,83,16.78,44.0,56.51,46.03,45.21,gradient_boosting,45.21
2025-03-13,New Haven,SKU-2002,Health,58,167,18.73,40.0,41.08,40.21,39.43,gradient_boosting,39.43
2025-03-14,New Haven,SKU-2002,Health,60,191,16.59,39.0,62.91,69.81,58.99,gradient_boosting,58.99
2025-03-15,New Haven,SKU-2002,Health,39,114,18.76,55.0,50.08,50.9,48.32,gradient_boosting,48.32
2025-03-16,New Haven,SKU-2002,Health,60,98,18.8,46.0,53.83,50.45,49.18,gradient_boosting,49.18
2025-03-17,New Haven,SKU-2002,Health,31,195,17.18,48.0,54.43,51.95,49.95,gradient_boosting,49.95
2025-03-18,New Haven,SKU-2002,Health,42,54,18.52,45.0,43.93,41.65,41.39,gradient_boosting,41.39
2025-03-19,New Haven,SKU-2002,Health,42,241,19.25,45.0,40.5,39.44,40.97,gradient_boosting,40.97
2025-03-20,New Haven,SKU-2002,Health,49,217,18.81,58.0,42.21,41.61,41.03,gradient_boosting,41.03
2025-03-21,New Haven,SKU-2002,Health,48,76,18.73,60.0,48.02,50.81,48.97,gradient_boosting,48.97
2025-03-22,New Haven,SKU-2002,Health,47,247,19.29,39.0,48.1,54.34,49.22,gradient_boosting,49.22
2025-03-23,New Haven,SKU-2002,Health,58,126,19.05,60.0,53.43,49.5,49.38,gradient_boosting,49.38
2025-03-24,New Haven,SKU-2002,Health,23,270,18.74,31.0,35.82,43.06,39.89,gradient_boosting,39.89
2025-03-25,New Haven,SKU-2002,Health,34,275,18.7,42.0,38.7,42.65,40.35,gradient_boosting,40.35
2025-03-26,New Haven,SKU-2002,Health,46,192,19.01,42.0,41.52,41.51,40.35,gradient_boosting,40.35
2025-03-27,New Haven,SKU-2002,Health,54,280,19.17,49.0,44.75,40.21,41.37,gradient_boosting,41.37
2025-03-28,New Haven,SKU-2002,Health,55,238,18.73,48.0,47.83,52.91,49.54,gradient_boosting,49.54
2025-03-29,New Haven,SKU-2002,Health,50,237,19.31,47.0,45.98,52.98,48.77,gradient_boosting,48.77
2025-03-30,New Haven,SKU-2002,Health,49,220,18.73,58.0,52.99,50.52,49.54,gradient_boosting,49.54
2025-03-31,New Haven,SKU-2002,Health,41,152,18.71,23.0,33.06,43.07,38.2,gradient_boosting,38.2
2025-04-01,New Haven,SKU-2002,Health,38,241,19.03,34.0,36.19,41.02,40.61,gradient_boosting,40.61
2025-04-02,New Haven,SKU-2002,Health,56,210,18.89,46.0,40.07,41.39,41.17,gradient_boosting,41.17
2025-04-03,New Haven,SKU-2002,Health,56,169,17.0,54.0,60.88,49.94,51.45,gradient_boosting,51.45
2025-04-04,New Haven,SKU-2002,Health,55,218,19.0,55.0,45.74,52.72,49.38,gradient_boosting,49.38
2025-04-05,New Haven,SKU-2002,Health,57,196,19.51,50.0,49.59,52.38,51.58,gradient_boosting,51.58
2025-04-06,New Haven,SKU-2002,Health,47,129,18.6,49.0,54.01,51.7,51.74,gradient_boosting,51.74
2025-04-07,New Haven,SKU-2002,Health,29,205,19.41,41.0,33.82,43.67,41.06,gradient_boosting,41.06
2025-04-08,New Haven,SKU-2002,Health,45,144,18.62,38.0,37.27,40.94,39.75,gradient_boosting,39.75
2025-04-09,New Haven,SKU-2002,Health,30,187,19.42,56.0,44.92,39.65,41.72,gradient_boosting,41.72
2025-04-10,New Haven,SKU-2002,Health,42,211,18.88,56.0,46.56,39.93,41.3,gradient_boosting,41.3
2025-04-11,New Haven,SKU-2002,Health,73,134,19.12,55.0,48.85,50.72,48.48,gradient_boosting,48.48
2025-04-12,New Haven,SKU-2002,Health,58,141,19.09,57.0,51.52,49.59,49.54,gradient_boosting,49.54
2025-04-13,New Haven,SKU-2002,Health,61,173,19.25,47.0,52.21,50.92,49.54,gradient_boosting,49.54
2025-04-14,New Haven,SKU-2002,Health,57,179,18.87,29.0,37.92,42.76,40.72,gradient_boosting,40.72
2025-04-15,New Haven,SKU-2002,Health,34,255,19.39,45.0,39.18,43.52,42.66,gradient_boosting,42.66
2025-04-16,New Haven,SKU-2002,Health,60,107,16.66,30.0,59.55,52.53,50.98,gradient_boosting,50.98
2025-04-17,New Haven,SKU-2002,Health,58,235,16.82,42.0,59.95,54.76,52.21,gradient_boosting,52.21
2025-04-18,New Haven,SKU-2002,Health,48,235,18.88,73.0,50.9,51.97,54.13,gradient_boosting,54.13
2025-04-19,New Haven,SKU-2002,Health,51,177,19.21,58.0,54.22,52.49,51.93,gradient_boosting,51.93
2025-04-20,New Haven,SKU-2002,Health,42,281,18.95,61.0,52.09,51.53,52.83,gradient_boosting,52.83
2025-04-21,New Haven,SKU-2002,Health,35,142,19.15,57.0,39.28,43.53,41.9,gradient_boosting,41.9
2025-04-22,New Haven,SKU-2002,Health,49,287,18.98,34.0,38.27,42.47,42.32,gradient_boosting,42.32
2025-04-23,New Haven,SKU-2002,Health,50,118,19.02,60.0,44.45,42.79,43.41,gradient_boosting,43.41
2025-04-24,New Haven,SKU-2002,Health,31,198,19.24,58.0,46.41,40.7,43.47,gradient_boosting,43.47
2025-04-25,New Haven,SKU-2002,Health,64,134,18.97,48.0,52.76,54.14,51.23,gradient_boosting,51.23
2025-04-26,New Haven,SKU-2002,Health,47,83,17.08,51.0,69.69,66.0,61.32,gradient_boosting,61.32
2025-04-27,New Haven,SKU-2002,Health,56,202,19.39,42.0,52.4,54.93,50.4,gradient_boosting,50.4
2025-04-28,New Haven,SKU-2002,Health,44,205,18.88,35.0,39.39,44.41,43.09,gradient_boosting,43.09
2025-04-29,New Haven,SKU-2002,Health,59,217,19.34,49.0,38.96,40.99,41.76,gradient_boosting,41.76
2025-04-30,New Haven,SKU-2002,Health,39,128,19.4,50.0,49.43,44.33,45.29,gradient_boosting,45.29
2025-03-02,New Haven,SKU-3001,Electronics,12,58,78.6,10.0,14.9,11.88,11.76,gradient_boosting,11.76
2025-03-03,New Haven,SKU-3001,Electronics,10,15,79.72,11.0,4.93,10.61,8.89,gradient_boosting,8.89
2025-03-04,New Haven,SKU-3001,Electronics,11,53,79.72,7.0,6.78,9.8,8.96,gradient_boosting,8.96
2025-03-05,New Haven,SKU-3001,Electronics,8,72,79.16,9.0,7.2,9.98,8.89,gradient_boosting,8.89
2025-03-06,New Haven,SKU-3001,Electronics,12,42,79.6,8.0,9.13,9.95,8.89,gradient_boosting,8.89
2025-03-07,New Haven,SKU-3001,Electronics,10,68,80.18,15.0,14.34,11.99,13.29,gradient_boosting,13.29
2025-03-08,New Haven,SKU-3001,Electronics,12,32,72.66,15.0,24.78,13.25,14.86,gradient_boosting,14.86
2025-03-09,New Haven,SKU-3001,Electronics,13,26,81.18,12.0,17.52,11.75,11.55,gradient_boosting,11.55
2025-03-10,New Haven,SKU-3001,Electronics,6,38,80.15,10.0,5.55,9.85,9.59,gradient_boosting,9.59
2025-03-11,New Haven,SKU-3001,Electronics,12,64,80.5,11.0,6.72,9.21,9.59,gradient_boosting,9.59
2025-03-12,New Haven,SKU-3001,Electronics,9,59,79.87,8.0,7.72,9.19,9.59,gradient_boosting,9.59
2025-03-13,New Haven,SKU-3001,Electronics,6,78,81.52,12.0,10.3,8.97,9.59,gradient_boosting,9.59
2025-03-14,New Haven,SKU-3001,Electronics,11,41,81.95,10.0,14.82,11.51,11.76,gradient_boosting,11.76
2025-03-15,New Haven,SKU-3001,Electronics,12,54,79.23,12.0,14.14,11.62,11.52,gradient_boosting,11.52
2025-03-16,New Haven,SKU-3001,Electronics,9,55,77.74,13.0,14.62,11.93,11.76,gradient_boosting,11.76
2025-03-17,New Haven,SKU-3001,Electronics,8,78,79.9,6.0,2.31,7.55,8.56,gradient_boosting,8.56
2025-03-18,New Haven,SKU-3001,Electronics,10,44,78.64,12.0,6.37,8.89,8.89,gradient_boosting,8.89
2025-03-19,New Haven,SKU-3001,Electronics,10,63,80.97,9.0,7.82,8.94,8.89,gradient_boosting,8.89
2025-03-20,New Haven,SKU-3001,Electronics,13,53,81.96,6.0,11.41,8.08,8.89,gradient_boosting,8.89
2025-03-21,New Haven,SKU-3001,Electronics,15,27,80.12,11.0,13.12,11.76,12.46,gradient_boosting,12.46
2025-03-22,New Haven,SKU-3001,Electronics,15,52,79.3,12.0,14.91,12.45,12.46,gradient_boosting,12.46
2025-03-23,New Haven,SKU-3001,Electronics,15,51,73.24,9.0,27.0,13.5,14.91,gradient_boosting,14.91
2025-03-24,New Haven,SKU-3001,Electronics,8,45,80.29,8.0,5.93,9.47,9.45,gradient_boosting,9.45
2025-03-25,New Haven,SKU-3001,Electronics,11,68,78.97,10.0,6.02,10.33,9.4,gradient_boosting,9.4
2025-03-26,New Haven,SKU-3001,Electronics,9,71,78.6,10.0,7.16,10.16,9.59,gradient_boosting,9.59
2025-03-27,New Haven,SKU-3001,Electronics,7,75,81.79,13.0,12.1,8.66,9.6,gradient_boosting,9.6
2025-03-28,New Haven,SKU-3001,Electronics,8,48,80.31,15.0,15.18,12.16,13.29,gradient_boosting,13.29
2025-03-29,New Haven,SKU-3001,Electronics,17,81,72.17,15.0,24.79,13.76,15.74,gradient_boosting,15.74
2025-03-30,New Haven,SKU-3001,Electronics,14,44,80.84,15.0,16.82,11.21,13.08,gradient_boosting,13.08
2025-03-31,New Haven,SKU-3001,Electronics,14,37,80.18,8.0,5.51,9.84,9.59,gradient_boosting,9.59
2025-04-01,New Haven,SKU-3001,Electronics,8,45,79.32,11.0,6.99,10.47,9.59,gradient_boosting,9.59
2025-04-02,New Haven,SKU-3001,Electronics,11,45,80.32,9.0,7.48,9.57,9.26,gradient_boosting,9.26
2025-04-03,New Haven,SKU-3001,Electronics,11,32,78.54,7.0,10.63,10.25,9.66,gradient_boosting,9.66
2025-04-04,New Haven,SKU-3001,Electronics,11,79,79.65,8.0,13.25,11.43,12.46,gradient_boosting,12.46
2025-04-05,New Haven,SKU-3001,Electronics,15,61,72.31,17.0,25.77,12.83,15.74,gradient_boosting,15.74
2025-04-06,New Haven,SKU-3001,Electronics,11,57,79.18,14.0,15.27,11.7,12.89,gradient_boosting,12.89
2025-04-07,New Haven,SKU-3001,Electronics,11,45,80.5,14.0,5.52,10.16,10.23,gradient_boosting,10.23
2025-04-08,New Haven,SKU-3001,Electronics,10,71,79.36,8.0,5.53,10.42,9.4,gradient_boosting,9.4
2025-04-09,New Haven,SKU-3001,Electronics,11,73,72.26,11.0,17.64,10.59,12.48,gradient_boosting,12.48
2025-04-10,New Haven,SKU-3001,Electronics,10,41,80.66,11.0,10.42,9.28,9.45,gradient_boosting,9.45
2025-04-11,New Haven,SKU-3001,Electronics,11,43,79.11,11.0,12.14,12.49,12.46,gradient_boosting,12.46
2025-04-12,New Haven,SKU-3001,Electronics,11,58,80.39,15.0,16.47,11.89,14.22,gradient_boosting,14.22
2025-04-13,New Haven,SKU-3001,Electronics,13,46,78.61,11.0,16.16,12.55,12.46,gradient_boosting,12.46
2025-04-14,New Haven,SKU-3001,Electronics,10,37,80.14,11.0,6.61,9.86,9.59,gradient_boosting,9.59
2025-04-15,New Haven,SKU-3001,Electronics,6,54,82.01,10.0,6.94,8.07,9.26,gradient_boosting,9.26
2025-04-16,New Haven,SKU-3001,Electronics,9,87,79.86,11.0,8.73,9.14,9.59,gradient_boosting,9.59
2025-04-17,New Haven,SKU-3001,Electronics,7,69,79.1,10.0,9.19,8.82,9.59,gradient_boosting,9.59
2025-04-18,New Haven,SKU-3001,Electronics,16,72,72.58,11.0,21.59,12.99,14.91,gradient_boosting,14.91
2025-04-19,New Haven,SKU-3001,Electronics,12,55,79.33,11.0,13.47,10.79,12.25,gradient_boosting,12.25
2025-04-20,New Haven,SKU-3001,Electronics,7,41,80.26,13.0,16.55,12.1,12.28,gradient_boosting,12.28
2025-04-21,New Haven,SKU-3001,Electronics,11,40,81.35,10.0,6.33,9.17,9.59,gradient_boosting,9.59
2025-04-22,New Haven,SKU-3001,Electronics,6,62,79.83,6.0,6.45,9.17,9.59,gradient_boosting,9.59
2025-04-23,New Haven,SKU-3001,Electronics,10,55,80.13,9.0,8.57,8.92,9.59,gradient_boosting,9.59
2025-04-24,New Haven,SKU-3001,Electronics,11,26,77.66,7.0,7.36,10.11,9.26,gradient_boosting,9.26
2025-04-25,New Haven,SKU-3001,Electronics,14,58,78.42,16.0,11.67,11.93,13.29,gradient_boosting,13.29
2025-04-26,New Haven,SKU-3001,Electronics,8,65,77.95,12.0,13.18,12.17,12.46,gradient_boosting,12.46
2025-04-27,New Haven,SKU-3001,Electronics,13,51,81.97,7.0,16.28,11.64,12.06,gradient_boosting,12.06
2025-04-28,New Haven,SKU-3001,Electronics,7,65,80.96,11.0,6.54,9.22,9.59,gradient_boosting,9.59
2025-04-29,New Haven,SKU-3001,Electronics,9,47,72.67,6.0,15.59,9.97,12.48,gradient_boosting,12.48
2025-04-30,New Haven,SKU-3001,Electronics,10,57,79.51,10.0,7.67,8.28,9.45,gradient_boosting,9.45
