data/processed/forecast_results.csv
date,store,sku,category,units_sold,inventory_on_hand,price,pred_lag_7_baseline,pred_ridge_regression,pred_random_forest,pred_gradient_boosting,best_model,forecast_units
2025-03-02,Worcester,SKU-1001,Grocery,196,590,4.89,157.0,181.01,189.91,196.65,gradient_boosting,196.65
2025-03-03,Worcester,SKU-1001,Grocery,182,591,5.01,183.0,168.52,153.19,156.49,gradient_boosting,156.49
2025-03-04,Worcester,SKU-1001,Grocery,174,419,5.08,136.0,166.49,150.6,157.62,gradient_boosting,157.62
2025-03-05,Worcester,SKU-1001,Grocery,211,637,5.04,181.0,167.79,153.7,157.37,gradient_boosting,157.37
2025-03-06,Worcester,SKU-1001,Grocery,127,637,5.04,139.0,160.48,162.66,164.48,gradient_boosting,164.48
2025-03-07,Worcester,SKU-1001,Grocery,213,723,4.95,201.0,181.01,188.74,199.84,gradient_boosting,199.84
2025-03-08,Worcester,SKU-1001,Grocery,225,532,4.88,218.0,179.13,192.61,195.26,gradient_boosting,195.26
2025-03-09,Worcester,SKU-1001,Grocery,233,456,5.05,196.0,181.73,197.6,199.14,gradient_boosting,199.14
2025-03-10,Worcester,SKU-1001,Grocery,181,250,5.02,182.0,181.04,171.47,172.67,gradient_boosting,172.67
2025-03-11,Worcester,SKU-1001,Grocery,203,534,4.95,174.0,165.6,160.59,165.66,gradient_boosting,165.66
2025-03-12,Worcester,SKU-1001,Grocery,231,554,4.42,211.0,198.33,214.75,212.49,gradient_boosting,212.49
2025-03-13,Worcester,SKU-1001,Grocery,221,436,5.07,127.0,164.86,157.09,165.81,gradient_boosting,165.81
2025-03-14,Worcester,SKU-1001,Grocery,326,765,4.56,213.0,203.17,263.32,240.63,gradient_boosting,240.63
2025-03-15,Worcester,SKU-1001,Grocery,234,316,4.95,225.0,208.55,211.69,213.87,gradient_boosting,213.87
2025-03-16,Worcester,SKU-1001,Grocery,224,456,4.96,233.0,205.86,215.27,212.43,gradient_boosting,212.43
2025-03-17,Worcester,SKU-1001,Grocery,171,575,4.91,181.0,183.97,172.94,172.29,gradient_boosting,172.29
2025-03-18,Worcester,SKU-1001,Grocery,145,533,4.97,203.0,185.68,173.05,168.41,gradient_boosting,168.41
2025-03-19,Worcester,SKU-1001,Grocery,240,366,5.0,231.0,200.32,172.66,172.91,gradient_boosting,172.91
2025-03-20,Worcester,SKU-1001,Grocery,157,577,5.07,221.0,181.94,178.65,172.83,gradient_boosting,172.83
2025-03-21,Worcester,SKU-1001,Grocery,328,585,5.04,326.0,212.77,215.2,214.59,gradient_boosting,214.59
2025-03-22,Worcester,SKU-1001,Grocery,252,835,4.83,234.0,202.46,235.74,219.55,gradient_boosting,219.55
2025-03-23,Worcester,SKU-1001,Grocery,203,490,5.02,224.0,214.26,219.92,226.18,gradient_boosting,226.18
2025-03-24,Worcester,SKU-1001,Grocery,208,452,5.01,171.0,187.48,184.98,185.53,gradient_boosting,185.53
2025-03-25,Worcester,SKU-1001,Grocery,225,616,4.9,145.0,186.96,168.49,180.97,gradient_boosting,180.97
2025-03-26,Worcester,SKU-1001,Grocery,175,187,4.88,240.0,217.56,171.13,192.42,gradient_boosting,192.42
2025-03-27,Worcester,SKU-1001,Grocery,184,511,5.03,157.0,198.19,191.47,183.86,gradient_boosting,183.86
2025-03-28,Worcester,SKU-1001,Grocery,267,465,5.03,328.0,244.59,207.67,213.94,gradient_boosting,213.94
2025-03-29,Worcester,SKU-1001,Grocery,144,414,4.93,252.0,219.83,220.48,226.2,gradient_boosting,226.2
2025-03-30,Worcester,SKU-1001,Grocery,314,568,4.56,203.0,224.23,259.08,258.97,gradient_boosting,258.97
2025-03-31,Worcester,SKU-1001,Grocery,151,590,4.96,208.0,190.16,186.52,179.31,gradient_boosting,179.31
2025-04-01,Worcester,SKU-1001,Grocery,207,357,4.88,225.0,194.5,180.3,186.8,gradient_boosting,186.8
2025-04-02,Worcester,SKU-1001,Grocery,102,635,4.9,175.0,200.9,173.93,185.39,gradient_boosting,185.39
2025-04-03,Worcester,SKU-1001,Grocery,183,362,4.81,184.0,192.23,181.33,202.05,gradient_boosting,202.05
2025-04-04,Worcester,SKU-1001,Grocery,214,361,5.05,267.0,235.47,218.27,209.3,gradient_boosting,209.3
2025-04-05,Worcester,SKU-1001,Grocery,244,419,4.95,144.0,206.67,228.07,231.34,gradient_boosting,231.34
2025-04-06,Worcester,SKU-1001,Grocery,301,272,4.49,314.0,243.12,241.31,245.93,gradient_boosting,245.93
2025-04-07,Worcester,SKU-1001,Grocery,224,596,4.96,151.0,188.41,185.23,188.25,gradient_boosting,188.25
2025-04-08,Worcester,SKU-1001,Grocery,198,463,5.0,207.0,205.81,173.14,193.89,gradient_boosting,193.89
2025-04-09,Worcester,SKU-1001,Grocery,274,412,4.42,102.0,202.59,246.13,258.04,gradient_boosting,258.04
2025-04-10,Worcester,SKU-1001,Grocery,178,233,5.09,183.0,204.84,169.81,171.73,gradient_boosting,171.73
2025-04-11,Worcester,SKU-1001,Grocery,250,527,5.1,214.0,221.84,211.57,228.75,gradient_boosting,228.75
2025-04-12,Worcester,SKU-1001,Grocery,259,394,5.03,244.0,208.46,223.84,223.56,gradient_boosting,223.56
2025-04-13,Worcester,SKU-1001,Grocery,251,251,4.91,301.0,251.72,223.14,213.9,gradient_boosting,213.9
2025-04-14,Worcester,SKU-1001,Grocery,191,157,4.98,224.0,202.03,178.36,198.33,gradient_boosting,198.33
2025-04-15,Worcester,SKU-1001,Grocery,170,348,4.97,198.0,207.13,185.9,188.16,gradient_boosting,188.16
2025-04-16,Worcester,SKU-1001,Grocery,142,581,5.08,274.0,194.18,178.69,184.66,gradient_boosting,184.66
2025-04-17,Worcester,SKU-1001,Grocery,274,655,4.45,178.0,209.25,228.42,236.66,gradient_boosting,236.66
2025-04-18,Worcester,SKU-1001,Grocery,197,441,4.9,250.0,215.85,221.2,231.13,gradient_boosting,231.13
2025-04-19,Worcester,SKU-1001,Grocery,259,661,5.01,259.0,216.76,209.55,204.62,gradient_boosting,204.62
2025-04-20,Worcester,SKU-1001,Grocery,213,444,5.04,251.0,234.26,210.05,210.56,gradient_boosting,210.56
2025-04-21,Worcester,SKU-1001,Grocery,181,655,4.93,191.0,196.39,176.17,191.2,gradient_boosting,191.2
2025-04-22,Worcester,SKU-1001,Grocery,173,602,4.96,170.0,189.62,163.78,171.62,gradient_boosting,171.62
2025-04-23,Worcester,SKU-1001,Grocery,155,496,5.06,142.0,205.51,183.66,190.26,gradient_boosting,190.26
2025-04-24,Worcester,SKU-1001,Grocery,230,454,5.01,274.0,207.09,182.41,184.44,gradient_boosting,184.44
2025-04-25,Worcester,SKU-1001,Grocery,165,577,4.94,197.0,208.33,219.27,224.99,gradient_boosting,224.99
2025-04-26,Worcester,SKU-1001,Grocery,250,392,4.95,259.0,221.96,224.82,231.69,gradient_boosting,231.69
2025-04-27,Worcester,SKU-1001,Grocery,340,93,4.51,213.0,240.62,254.6,259.8,gradient_boosting,259.8
2025-04-28,Worcester,SKU-1001,Grocery,117,637,5.02,181.0,187.6,166.99,169.38,gradient_boosting,169.38
2025-04-29,Worcester,SKU-1001,Grocery,277,461,4.89,173.0,188.87,169.35,170.59,gradient_boosting,170.59
2025-04-30,Worcester,SKU-1001,Grocery,229,805,4.48,155.0,196.95,200.76,226.28,gradient_boosting,226.28
2025-03-02,Worcester,SKU-1002,Grocery,173,358,8.53,203.0,166.52,173.51,174.96,gradient_boosting,174.96
2025-03-03,Worcester,SKU-1002,Grocery,166,540,8.64,166.0,137.64,140.87,136.95,gradient_boosting,136.95
2025-03-04,Worcester,SKU-1002,Grocery,146,491,8.32,156.0,139.82,133.13,133.57,gradient_boosting,133.57
2025-03-05,Worcester,SKU-1002,Grocery,136,312,8.43,95.0,148.35,129.13,138.73,gradient_boosting,138.73
2025-03-06,Worcester,SKU-1002,Grocery,123,391,8.75,149.0,155.91,142.15,141.11,gradient_boosting,141.11
2025-03-07,Worcester,SKU-1002,Grocery,217,295,8.54,156.0,172.2,182.62,186.97,gradient_boosting,186.97
2025-03-08,Worcester,SKU-1002,Grocery,139,481,8.51,180.0,157.86,167.94,169.2,gradient_boosting,169.2
2025-03-09,Worcester,SKU-1002,Grocery,202,115,8.71,173.0,175.03,179.88,183.05,gradient_boosting,183.05
2025-03-10,Worcester,SKU-1002,Grocery,113,377,8.39,166.0,150.8,128.77,137.22,gradient_boosting,137.22
2025-03-11,Worcester,SKU-1002,Grocery,175,247,8.35,146.0,151.08,139.65,139.02,gradient_boosting,139.02
2025-03-12,Worcester,SKU-1002,Grocery,155,297,8.42,136.0,137.88,126.39,134.91,gradient_boosting,134.91
2025-03-13,Worcester,SKU-1002,Grocery,199,391,8.49,123.0,148.32,138.6,142.06,gradient_boosting,142.06
2025-03-14,Worcester,SKU-1002,Grocery,154,381,8.5,217.0,164.99,174.86,173.82,gradient_boosting,173.82
2025-03-15,Worcester,SKU-1002,Grocery,230,54,8.51,139.0,166.96,179.97,178.55,gradient_boosting,178.55
2025-03-16,Worcester,SKU-1002,Grocery,255,433,7.48,202.0,188.61,219.66,218.37,gradient_boosting,218.37
2025-03-17,Worcester,SKU-1002,Grocery,171,489,7.67,113.0,166.4,195.89,188.54,gradient_boosting,188.54
2025-03-18,Worcester,SKU-1002,Grocery,181,198,8.34,175.0,162.09,158.09,154.44,gradient_boosting,154.44
2025-03-19,Worcester,SKU-1002,Grocery,86,342,8.66,155.0,158.29,151.74,153.42,gradient_boosting,153.42
2025-03-20,Worcester,SKU-1002,Grocery,162,742,8.33,199.0,152.93,146.5,148.0,gradient_boosting,148.0
2025-03-21,Worcester,SKU-1002,Grocery,226,312,8.18,154.0,176.04,205.45,196.62,gradient_boosting,196.62
2025-03-22,Worcester,SKU-1002,Grocery,213,357,8.34,230.0,171.78,190.98,187.98,gradient_boosting,187.98
2025-03-23,Worcester,SKU-1002,Grocery,152,339,8.45,255.0,190.62,183.52,196.25,gradient_boosting,196.25
2025-03-24,Worcester,SKU-1002,Grocery,160,554,8.4,171.0,144.1,144.87,147.16,gradient_boosting,147.16
2025-03-25,Worcester,SKU-1002,Grocery,183,356,8.4,181.0,162.06,145.59,145.54,gradient_boosting,145.54
2025-03-26,Worcester,SKU-1002,Grocery,155,388,8.55,86.0,148.22,142.18,147.16,gradient_boosting,147.16
2025-03-27,Worcester,SKU-1002,Grocery,130,483,8.54,162.0,167.27,143.43,149.07,gradient_boosting,149.07
2025-03-28,Worcester,SKU-1002,Grocery,121,590,8.46,226.0,166.54,182.92,185.1,gradient_boosting,185.1
2025-03-29,Worcester,SKU-1002,Grocery,185,344,8.5,213.0,184.15,176.85,191.59,gradient_boosting,191.59
2025-03-30,Worcester,SKU-1002,Grocery,237,92,8.55,152.0,187.42,183.17,191.95,gradient_boosting,191.95
2025-03-31,Worcester,SKU-1002,Grocery,143,452,8.64,160.0,157.89,149.13,151.03,gradient_boosting,151.03
2025-04-01,Worcester,SKU-1002,Grocery,150,493,8.57,183.0,161.55,148.89,148.8,gradient_boosting,148.8
2025-04-02,Worcester,SKU-1002,Grocery,172,109,7.8,155.0,166.3,185.29,177.17,gradient_boosting,177.17
2025-04-03,Worcester,SKU-1002,Grocery,191,475,7.81,130.0,169.77,192.91,172.4,gradient_boosting,172.4
2025-04-04,Worcester,SKU-1002,Grocery,194,437,8.38,121.0,170.85,195.82,189.79,gradient_boosting,189.79
2025-04-05,Worcester,SKU-1002,Grocery,168,274,8.48,185.0,183.44,194.01,198.02,gradient_boosting,198.02
2025-04-06,Worcester,SKU-1002,Grocery,168,569,8.45,237.0,173.97,184.3,183.34,gradient_boosting,183.34
2025-04-07,Worcester,SKU-1002,Grocery,124,531,8.42,143.0,150.99,149.02,149.24,gradient_boosting,149.24
2025-04-08,Worcester,SKU-1002,Grocery,131,359,8.43,150.0,161.14,148.81,149.56,gradient_boosting,149.56
2025-04-09,Worcester,SKU-1002,Grocery,158,496,8.56,172.0,155.87,145.34,143.94,gradient_boosting,143.94
2025-04-10,Worcester,SKU-1002,Grocery,126,291,8.61,191.0,160.22,149.75,147.35,gradient_boosting,147.35
2025-04-11,Worcester,SKU-1002,Grocery,239,612,8.55,194.0,152.67,173.18,170.94,gradient_boosting,170.94
2025-04-12,Worcester,SKU-1002,Grocery,151,432,8.67,168.0,169.57,182.42,184.53,gradient_boosting,184.53
2025-04-13,Worcester,SKU-1002,Grocery,212,274,8.44,168.0,183.37,181.88,194.44,gradient_boosting,194.44
2025-04-14,Worcester,SKU-1002,Grocery,142,319,8.43,124.0,147.68,150.54,147.74,gradient_boosting,147.74
2025-04-15,Worcester,SKU-1002,Grocery,82,481,8.32,131.0,147.08,141.05,144.15,gradient_boosting,144.15
2025-04-16,Worcester,SKU-1002,Grocery,170,94,8.59,158.0,163.98,139.72,144.03,gradient_boosting,144.03
2025-04-17,Worcester,SKU-1002,Grocery,157,486,8.37,126.0,158.36,146.18,151.82,gradient_boosting,151.82
2025-04-18,Worcester,SKU-1002,Grocery,213,482,7.71,239.0,189.74,196.32,204.74,gradient_boosting,204.74
2025-04-19,Worcester,SKU-1002,Grocery,147,650,8.48,151.0,155.42,170.92,175.4,gradient_boosting,175.4
2025-04-20,Worcester,SKU-1002,Grocery,238,130,7.42,212.0,191.72,207.67,207.52,gradient_boosting,207.52
2025-04-21,Worcester,SKU-1002,Grocery,143,377,8.46,142.0,143.08,145.5,145.58,gradient_boosting,145.58
2025-04-22,Worcester,SKU-1002,Grocery,115,236,8.43,82.0,143.1,148.26,146.28,gradient_boosting,146.28
2025-04-23,Worcester,SKU-1002,Grocery,178,248,8.49,170.0,160.89,144.34,142.04,gradient_boosting,142.04
2025-04-24,Worcester,SKU-1002,Grocery,152,510,8.63,157.0,149.62,141.65,144.55,gradient_boosting,144.55
2025-04-25,Worcester,SKU-1002,Grocery,206,428,8.5,213.0,181.27,180.55,187.77,gradient_boosting,187.77
2025-04-26,Worcester,SKU-1002,Grocery,182,312,8.54,147.0,161.72,175.04,178.35,gradient_boosting,178.35
2025-04-27,Worcester,SKU-1002,Grocery,146,515,8.48,238.0,183.55,171.95,187.63,gradient_boosting,187.63
2025-04-28,Worcester,SKU-1002,Grocery,161,478,8.56,143.0,144.67,144.25,146.1,gradient_boosting,146.1
2025-04-29,Worcester,SKU-1002,Grocery,165,320,7.61,115.0,151.74,182.7,171.24,gradient_boosting,171.24
2025-04-30,Worcester,SKU-1002,Grocery,185,241,8.6,178.0,162.71,141.42,146.78,gradient_boosting,146.78
