data/processed/forecast_results.csv
date,store,sku,category,units_sold,inventory_on_hand,price,pred_lag_7_baseline,pred_ridge_regression,pred_random_forest,pred_gradient_boosting,best_model,forecast_units
2025-03-02,Worcester,SKU-2001,Health,86,437,13.33,71.0,67.58,63.56,67.02,gradient_boosting,67.02
2025-03-03,Worcester,SKU-2001,Health,99,158,11.79,54.0,75.75,71.7,71.85,gradient_boosting,71.85
2025-03-04,Worcester,SKU-2001,Health,73,192,12.9,56.0,57.72,53.66,57.49,gradient_boosting,57.49
2025-03-05,Worcester,SKU-2001,Health,78,136,11.7,56.0,85.08,82.92,72.92,gradient_boosting,72.92
2025-03-06,Worcester,SKU-2001,Health,50,274,13.0,54.0,61.54,52.89,56.62,gradient_boosting,56.62
2025-03-07,Worcester,SKU-2001,Health,67,343,12.78,72.0,63.72,73.2,70.59,gradient_boosting,70.59
2025-03-08,Worcester,SKU-2001,Health,78,217,13.01,60.0,66.66,70.97,69.62,gradient_boosting,69.62
2025-03-09,Worcester,SKU-2001,Health,85,337,13.0,86.0,71.8,71.55,69.96,gradient_boosting,69.96
2025-03-10,Worcester,SKU-2001,Health,59,238,12.87,99.0,64.09,61.75,60.58,gradient_boosting,60.58
2025-03-11,Worcester,SKU-2001,Health,66,256,12.83,73.0,60.63,61.37,58.99,gradient_boosting,58.99
2025-03-12,Worcester,SKU-2001,Health,67,304,12.8,78.0,63.21,58.66,59.6,gradient_boosting,59.6
2025-03-13,Worcester,SKU-2001,Health,64,174,13.18,50.0,63.37,57.87,57.03,gradient_boosting,57.03
2025-03-14,Worcester,SKU-2001,Health,101,339,11.23,67.0,82.59,91.22,95.1,gradient_boosting,95.1
2025-03-15,Worcester,SKU-2001,Health,76,285,13.01,78.0,68.51,68.9,69.83,gradient_boosting,69.83
2025-03-16,Worcester,SKU-2001,Health,80,255,13.22,85.0,77.12,65.03,70.61,gradient_boosting,70.61
2025-03-17,Worcester,SKU-2001,Health,66,168,13.1,59.0,67.61,57.67,58.91,gradient_boosting,58.91
2025-03-18,Worcester,SKU-2001,Health,84,296,13.16,66.0,64.01,54.74,58.28,gradient_boosting,58.28
2025-03-19,Worcester,SKU-2001,Health,60,274,12.89,67.0,66.99,59.65,58.92,gradient_boosting,58.92
2025-03-20,Worcester,SKU-2001,Health,77,313,13.06,64.0,60.36,57.0,58.2,gradient_boosting,58.2
2025-03-21,Worcester,SKU-2001,Health,67,143,12.96,101.0,75.47,74.52,72.6,gradient_boosting,72.6
2025-03-22,Worcester,SKU-2001,Health,64,321,12.9,76.0,73.82,71.91,70.94,gradient_boosting,70.94
2025-03-23,Worcester,SKU-2001,Health,67,201,13.44,80.0,78.64,53.14,69.56,gradient_boosting,69.56
2025-03-24,Worcester,SKU-2001,Health,56,294,12.85,66.0,57.13,55.87,57.74,gradient_boosting,57.74
2025-03-25,Worcester,SKU-2001,Health,82,287,12.97,84.0,64.02,57.63,60.58,gradient_boosting,60.58
2025-03-26,Worcester,SKU-2001,Health,27,238,12.87,60.0,64.0,60.3,59.6,gradient_boosting,59.6
2025-03-27,Worcester,SKU-2001,Health,54,221,12.84,77.0,66.9,62.5,59.6,gradient_boosting,59.6
2025-03-28,Worcester,SKU-2001,Health,76,193,13.06,67.0,73.14,68.49,70.64,gradient_boosting,70.64
2025-03-29,Worcester,SKU-2001,Health,86,127,12.89,64.0,73.66,63.54,70.94,gradient_boosting,70.94
2025-03-30,Worcester,SKU-2001,Health,62,228,13.25,67.0,76.09,61.33,69.63,gradient_boosting,69.63
2025-03-31,Worcester,SKU-2001,Health,56,209,13.05,56.0,60.34,59.37,58.34,gradient_boosting,58.34
2025-04-01,Worcester,SKU-2001,Health,75,252,13.12,82.0,66.6,55.64,60.58,gradient_boosting,60.58
2025-04-02,Worcester,SKU-2001,Health,80,395,13.2,27.0,54.18,57.64,55.97,gradient_boosting,55.97
2025-04-03,Worcester,SKU-2001,Health,57,232,12.93,54.0,65.73,56.29,57.13,gradient_boosting,57.13
2025-04-04,Worcester,SKU-2001,Health,93,288,13.09,76.0,67.81,71.4,70.94,gradient_boosting,70.94
2025-04-05,Worcester,SKU-2001,Health,84,454,13.2,86.0,68.66,64.18,70.24,gradient_boosting,70.24
2025-04-06,Worcester,SKU-2001,Health,54,109,13.03,62.0,73.45,64.18,68.97,gradient_boosting,68.97
2025-04-07,Worcester,SKU-2001,Health,56,238,12.98,56.0,57.76,59.73,57.67,gradient_boosting,57.67
2025-04-08,Worcester,SKU-2001,Health,65,355,13.01,75.0,62.45,53.0,57.74,gradient_boosting,57.74
2025-04-09,Worcester,SKU-2001,Health,68,237,12.92,80.0,59.52,61.61,57.62,gradient_boosting,57.62
2025-04-10,Worcester,SKU-2001,Health,71,139,12.97,57.0,63.25,62.21,57.13,gradient_boosting,57.13
2025-04-11,Worcester,SKU-2001,Health,64,276,12.5,93.0,71.04,78.26,70.79,gradient_boosting,70.79
2025-04-12,Worcester,SKU-2001,Health,93,136,12.81,84.0,74.88,71.22,69.96,gradient_boosting,69.96
2025-04-13,Worcester,SKU-2001,Health,71,211,13.11,54.0,68.97,73.75,69.09,gradient_boosting,69.09
2025-04-14,Worcester,SKU-2001,Health,70,189,11.61,56.0,75.02,78.14,73.52,gradient_boosting,73.52
2025-04-15,Worcester,SKU-2001,Health,69,285,11.8,65.0,77.12,76.88,73.56,gradient_boosting,73.56
2025-04-16,Worcester,SKU-2001,Health,72,438,12.94,68.0,59.4,51.95,57.05,gradient_boosting,57.05
2025-04-17,Worcester,SKU-2001,Health,63,242,12.97,71.0,64.23,60.26,58.92,gradient_boosting,58.92
2025-04-18,Worcester,SKU-2001,Health,70,182,11.8,64.0,87.61,87.87,83.63,gradient_boosting,83.63
2025-04-19,Worcester,SKU-2001,Health,61,364,11.83,93.0,87.74,83.89,86.66,gradient_boosting,86.66
2025-04-20,Worcester,SKU-2001,Health,73,342,13.14,71.0,65.5,75.4,69.12,gradient_boosting,69.12
2025-04-21,Worcester,SKU-2001,Health,62,191,13.02,70.0,58.85,57.86,58.2,gradient_boosting,58.2
2025-04-22,Worcester,SKU-2001,Health,58,273,12.69,69.0,59.42,55.4,57.74,gradient_boosting,57.74
2025-04-23,Worcester,SKU-2001,Health,63,331,12.9,72.0,61.32,56.14,58.92,gradient_boosting,58.92
2025-04-24,Worcester,SKU-2001,Health,62,233,13.39,63.0,64.08,57.71,58.14,gradient_boosting,58.14
2025-04-25,Worcester,SKU-2001,Health,81,192,12.72,70.0,65.98,72.06,69.46,gradient_boosting,69.46
2025-04-26,Worcester,SKU-2001,Health,86,170,13.16,61.0,73.79,68.25,69.47,gradient_boosting,69.47
2025-04-27,Worcester,SKU-2001,Health,81,301,12.83,73.0,71.54,71.53,70.78,gradient_boosting,70.78
2025-04-28,Worcester,SKU-2001,Health,39,162,12.88,62.0,59.69,58.91,57.74,gradient_boosting,57.74
2025-04-29,Worcester,SKU-2001,Health,69,292,11.77,58.0,75.02,77.08,71.18,gradient_boosting,71.18
2025-04-30,Worcester,SKU-2001,Health,62,259,13.09,63.0,61.01,52.14,57.23,gradient_boosting,57.23
2025-03-02,Worcester,SKU-2002,Health,56,137,18.85,55.0,52.48,53.77,50.84,gradient_boosting,50.84
2025-03-03,Worcester,SKU-2002,Health,55,167,18.8,41.0,40.83,45.13,43.64,gradient_boosting,43.64
2025-03-04,Worcester,SKU-2002,Health,45,114,19.06,49.0,44.77,45.9,44.04,gradient_boosting,44.04
2025-03-05,Worcester,SKU-2002,Health,35,221,19.17,51.0,43.58,44.71,43.96,gradient_boosting,43.96
2025-03-06,Worcester,SKU-2002,Health,40,240,18.38,38.0,45.31,45.55,44.56,gradient_boosting,44.56
2025-03-07,Worcester,SKU-2002,Health,60,111,19.47,66.0,55.04,57.26,53.68,gradient_boosting,53.68
2025-03-08,Worcester,SKU-2002,Health,54,252,19.36,53.0,49.08,57.4,53.27,gradient_boosting,53.27
2025-03-09,Worcester,SKU-2002,Health,62,200,18.8,56.0,54.86,56.97,54.04,gradient_boosting,54.04
2025-03-10,Worcester,SKU-2002,Health,58,270,17.28,55.0,55.75,53.05,52.63,gradient_boosting,52.63
2025-03-11,Worcester,SKU-2002,Health,67,73,17.0,45.0,60.53,54.97,54.23,gradient_boosting,54.23
2025-03-12,Worcester,SKU-2002,Health,36,228,19.33,35.0,44.11,45.22,45.1,gradient_boosting,45.1
2025-03-13,Worcester,SKU-2002,Health,53,260,18.98,40.0,43.84,43.86,43.3,gradient_boosting,43.3
2025-03-14,Worcester,SKU-2002,Health,68,178,17.39,60.0,70.24,70.58,67.22,gradient_boosting,67.22
2025-03-15,Worcester,SKU-2002,Health,66,200,19.38,54.0,53.18,56.73,54.99,gradient_boosting,54.99
2025-03-16,Worcester,SKU-2002,Health,60,163,19.18,62.0,58.04,55.69,56.57,gradient_boosting,56.57
2025-03-17,Worcester,SKU-2002,Health,34,184,19.37,58.0,47.58,46.76,46.55,gradient_boosting,46.55
2025-03-18,Worcester,SKU-2002,Health,55,103,18.96,67.0,48.81,45.01,47.11,gradient_boosting,47.11
2025-03-19,Worcester,SKU-2002,Health,40,162,19.21,36.0,42.87,45.2,44.77,gradient_boosting,44.77
2025-03-20,Worcester,SKU-2002,Health,52,211,18.99,53.0,46.1,44.0,45.18,gradient_boosting,45.18
2025-03-21,Worcester,SKU-2002,Health,51,172,19.0,68.0,54.87,55.62,55.29,gradient_boosting,55.29
2025-03-22,Worcester,SKU-2002,Health,75,258,19.33,66.0,54.38,55.22,55.29,gradient_boosting,55.29
2025-03-23,Worcester,SKU-2002,Health,54,188,18.75,60.0,57.52,54.72,54.77,gradient_boosting,54.77
2025-03-24,Worcester,SKU-2002,Health,48,83,19.04,34.0,44.66,47.48,45.21,gradient_boosting,45.21
2025-03-25,Worcester,SKU-2002,Health,47,163,18.72,55.0,50.37,45.67,45.86,gradient_boosting,45.86
2025-03-26,Worcester,SKU-2002,Health,60,141,18.82,40.0,44.35,45.38,44.77,gradient_boosting,44.77
2025-03-27,Worcester,SKU-2002,Health,26,181,19.13,52.0,51.18,45.68,47.43,gradient_boosting,47.43
2025-03-28,Worcester,SKU-2002,Health,59,153,18.62,51.0,56.2,53.28,54.04,gradient_boosting,54.04
2025-03-29,Worcester,SKU-2002,Health,60,214,19.14,75.0,60.26,54.42,55.29,gradient_boosting,55.29
2025-03-30,Worcester,SKU-2002,Health,44,187,19.47,54.0,58.13,55.58,54.04,gradient_boosting,54.04
2025-03-31,Worcester,SKU-2002,Health,62,111,17.0,48.0,58.28,53.94,51.96,gradient_boosting,51.96
2025-04-01,Worcester,SKU-2002,Health,34,269,18.36,47.0,43.05,46.32,46.36,gradient_boosting,46.36
2025-04-02,Worcester,SKU-2002,Health,37,268,19.22,60.0,42.9,42.72,46.36,gradient_boosting,46.36
2025-04-03,Worcester,SKU-2002,Health,41,163,18.77,26.0,45.35,44.77,43.42,gradient_boosting,43.42
2025-04-04,Worcester,SKU-2002,Health,58,133,18.59,59.0,52.28,57.41,54.2,gradient_boosting,54.2
2025-04-05,Worcester,SKU-2002,Health,73,262,18.67,60.0,56.76,54.13,55.45,gradient_boosting,55.45
2025-04-06,Worcester,SKU-2002,Health,62,173,19.21,44.0,55.95,57.58,53.88,gradient_boosting,53.88
2025-04-07,Worcester,SKU-2002,Health,44,190,19.11,62.0,46.78,45.48,46.83,gradient_boosting,46.83
2025-04-08,Worcester,SKU-2002,Health,31,265,19.5,34.0,41.93,42.8,45.19,gradient_boosting,45.19
2025-04-09,Worcester,SKU-2002,Health,54,221,17.0,37.0,62.03,48.89,54.15,gradient_boosting,54.15
2025-04-10,Worcester,SKU-2002,Health,41,225,18.91,41.0,41.55,44.36,42.91,gradient_boosting,42.91
2025-04-11,Worcester,SKU-2002,Health,72,138,17.28,58.0,69.52,64.33,65.11,gradient_boosting,65.11
2025-04-12,Worcester,SKU-2002,Health,41,174,18.59,73.0,57.2,57.35,55.39,gradient_boosting,55.39
2025-04-13,Worcester,SKU-2002,Health,74,154,17.35,62.0,69.7,63.79,64.88,gradient_boosting,64.88
2025-04-14,Worcester,SKU-2002,Health,53,141,18.76,44.0,45.11,46.04,45.03,gradient_boosting,45.03
2025-04-15,Worcester,SKU-2002,Health,60,140,16.67,31.0,56.5,52.58,50.12,gradient_boosting,50.12
2025-04-16,Worcester,SKU-2002,Health,42,247,19.17,54.0,42.32,43.44,44.87,gradient_boosting,44.87
2025-04-17,Worcester,SKU-2002,Health,57,37,19.38,41.0,49.55,46.9,45.36,gradient_boosting,45.36
2025-04-18,Worcester,SKU-2002,Health,48,45,19.04,72.0,59.35,56.8,58.95,gradient_boosting,58.95
2025-04-19,Worcester,SKU-2002,Health,61,102,19.02,41.0,58.96,53.62,53.88,gradient_boosting,53.88
2025-04-20,Worcester,SKU-2002,Health,55,265,19.28,74.0,57.67,53.62,56.39,gradient_boosting,56.39
2025-04-21,Worcester,SKU-2002,Health,57,187,17.2,53.0,59.83,58.18,54.18,gradient_boosting,54.18
2025-04-22,Worcester,SKU-2002,Health,42,119,19.08,60.0,43.81,47.71,45.29,gradient_boosting,45.29
2025-04-23,Worcester,SKU-2002,Health,54,136,19.27,42.0,46.79,43.55,45.21,gradient_boosting,45.21
2025-04-24,Worcester,SKU-2002,Health,45,186,19.55,57.0,50.11,43.49,45.58,gradient_boosting,45.58
2025-04-25,Worcester,SKU-2002,Health,52,225,18.98,48.0,54.26,54.01,54.04,gradient_boosting,54.04
2025-04-26,Worcester,SKU-2002,Health,79,255,18.96,61.0,51.12,55.55,54.76,gradient_boosting,54.76
2025-04-27,Worcester,SKU-2002,Health,50,316,19.52,55.0,58.05,54.41,54.85,gradient_boosting,54.85
2025-04-28,Worcester,SKU-2002,Health,43,163,18.88,57.0,47.56,47.23,45.86,gradient_boosting,45.86
2025-04-29,Worcester,SKU-2002,Health,49,212,18.86,42.0,48.13,44.08,45.61,gradient_boosting,45.61
2025-04-30,Worcester,SKU-2002,Health,50,178,19.37,54.0,45.99,44.19,45.18,gradient_boosting,45.18
2025-03-02,Worcester,SKU-3001,Electronics,15,45,79.42,12.0,17.86,13.26,12.91,gradient_boosting,12.91
2025-03-03,Worcester,SKU-3001,Electronics,12,75,79.02,7.0,5.18,9.68,10.04,gradient_boosting,10.04
2025-03-04,Worcester,SKU-3001,Electronics,7,59,78.9,11.0,8.07,10.18,10.11,gradient_boosting,10.11
2025-03-05,Worcester,SKU-3001,Electronics,10,60,79.05,12.0,8.45,9.9,10.04,gradient_boosting,10.04
2025-03-06,Worcester,SKU-3001,Electronics,8,50,79.81,9.0,12.82,10.52,11.04,gradient_boosting,11.04
2025-03-07,Worcester,SKU-3001,Electronics,11,65,80.42,15.0,14.5,13.06,13.73,gradient_boosting,13.73
2025-03-08,Worcester,SKU-3001,Electronics,15,54,80.85,13.0,16.86,12.55,12.72,gradient_boosting,12.72
2025-03-09,Worcester,SKU-3001,Electronics,17,44,79.01,15.0,18.22,13.0,13.73,gradient_boosting,13.73
2025-03-10,Worcester,SKU-3001,Electronics,9,11,79.85,12.0,7.39,10.79,10.11,gradient_boosting,10.11
2025-03-11,Worcester,SKU-3001,Electronics,13,39,78.67,7.0,7.06,10.38,10.04,gradient_boosting,10.04
2025-03-12,Worcester,SKU-3001,Electronics,10,86,78.33,10.0,8.38,10.55,10.11,gradient_boosting,10.11
2025-03-13,Worcester,SKU-3001,Electronics,11,11,78.99,8.0,11.61,10.81,10.11,gradient_boosting,10.11
2025-03-14,Worcester,SKU-3001,Electronics,11,61,78.91,11.0,13.23,12.5,12.91,gradient_boosting,12.91
2025-03-15,Worcester,SKU-3001,Electronics,14,82,82.06,15.0,18.45,12.1,13.55,gradient_boosting,13.55
2025-03-16,Worcester,SKU-3001,Electronics,13,41,80.72,17.0,20.65,12.4,13.73,gradient_boosting,13.73
2025-03-17,Worcester,SKU-3001,Electronics,12,37,81.42,9.0,8.96,9.87,9.99,gradient_boosting,9.99
2025-03-18,Worcester,SKU-3001,Electronics,13,49,79.22,13.0,7.61,10.66,10.04,gradient_boosting,10.04
2025-03-19,Worcester,SKU-3001,Electronics,10,59,81.73,10.0,11.12,8.99,9.91,gradient_boosting,9.91
2025-03-20,Worcester,SKU-3001,Electronics,10,51,80.06,11.0,12.83,11.53,10.11,gradient_boosting,10.11
2025-03-21,Worcester,SKU-3001,Electronics,15,58,82.69,11.0,15.44,12.73,12.79,gradient_boosting,12.79
2025-03-22,Worcester,SKU-3001,Electronics,11,46,80.95,14.0,18.94,12.2,13.73,gradient_boosting,13.73
2025-03-23,Worcester,SKU-3001,Electronics,14,56,80.84,13.0,20.91,12.35,13.84,gradient_boosting,13.84
2025-03-24,Worcester,SKU-3001,Electronics,8,24,80.71,12.0,8.56,10.67,10.11,gradient_boosting,10.11
2025-03-25,Worcester,SKU-3001,Electronics,10,66,78.44,13.0,7.4,10.08,10.04,gradient_boosting,10.04
2025-03-26,Worcester,SKU-3001,Electronics,11,49,79.71,10.0,10.65,10.63,10.11,gradient_boosting,10.11
2025-03-27,Worcester,SKU-3001,Electronics,9,58,79.68,10.0,10.16,10.35,9.71,gradient_boosting,9.71
2025-03-28,Worcester,SKU-3001,Electronics,8,51,80.45,15.0,13.62,13.36,13.55,gradient_boosting,13.55
2025-03-29,Worcester,SKU-3001,Electronics,13,62,78.8,11.0,15.8,12.82,12.91,gradient_boosting,12.91
2025-03-30,Worcester,SKU-3001,Electronics,13,35,80.56,14.0,18.49,12.94,13.73,gradient_boosting,13.73
2025-03-31,Worcester,SKU-3001,Electronics,10,47,79.63,8.0,5.98,9.11,10.04,gradient_boosting,10.04
2025-04-01,Worcester,SKU-3001,Electronics,13,88,79.43,10.0,6.31,9.17,10.04,gradient_boosting,10.04
2025-04-02,Worcester,SKU-3001,Electronics,13,71,80.03,11.0,8.63,10.23,10.04,gradient_boosting,10.04
2025-04-03,Worcester,SKU-3001,Electronics,11,58,80.45,9.0,12.15,10.97,10.11,gradient_boosting,10.11
2025-04-04,Worcester,SKU-3001,Electronics,14,52,80.45,8.0,14.57,12.87,12.91,gradient_boosting,12.91
2025-04-05,Worcester,SKU-3001,Electronics,14,29,70.29,13.0,25.31,13.17,15.36,gradient_boosting,15.36
2025-04-06,Worcester,SKU-3001,Electronics,11,40,82.46,13.0,20.29,12.65,12.58,gradient_boosting,12.58
2025-04-07,Worcester,SKU-3001,Electronics,11,61,82.32,10.0,8.74,9.79,9.99,gradient_boosting,9.99
2025-04-08,Worcester,SKU-3001,Electronics,7,72,79.08,13.0,6.61,11.31,9.8,gradient_boosting,9.8
2025-04-09,Worcester,SKU-3001,Electronics,10,30,78.46,13.0,9.53,10.92,10.11,gradient_boosting,10.11
2025-04-10,Worcester,SKU-3001,Electronics,11,49,81.23,11.0,11.83,10.91,9.91,gradient_boosting,9.91
2025-04-11,Worcester,SKU-3001,Electronics,16,61,79.17,14.0,12.43,13.99,13.73,gradient_boosting,13.73
2025-04-12,Worcester,SKU-3001,Electronics,11,54,80.57,14.0,17.01,12.93,13.73,gradient_boosting,13.73
2025-04-13,Worcester,SKU-3001,Electronics,13,77,79.6,11.0,18.17,13.49,12.91,gradient_boosting,12.91
2025-04-14,Worcester,SKU-3001,Electronics,15,43,81.77,11.0,7.16,8.2,9.73,gradient_boosting,9.73
2025-04-15,Worcester,SKU-3001,Electronics,8,48,78.64,7.0,6.19,9.99,9.71,gradient_boosting,9.71
2025-04-16,Worcester,SKU-3001,Electronics,10,45,79.34,10.0,9.0,10.13,10.04,gradient_boosting,10.04
2025-04-17,Worcester,SKU-3001,Electronics,9,70,79.0,11.0,10.76,10.2,10.11,gradient_boosting,10.11
2025-04-18,Worcester,SKU-3001,Electronics,10,30,80.18,16.0,15.11,12.97,13.73,gradient_boosting,13.73
2025-04-19,Worcester,SKU-3001,Electronics,10,63,81.43,11.0,17.69,12.59,12.79,gradient_boosting,12.79
2025-04-20,Worcester,SKU-3001,Electronics,14,56,71.07,13.0,25.91,13.47,15.36,gradient_boosting,15.36
2025-04-21,Worcester,SKU-3001,Electronics,7,71,78.32,15.0,3.56,9.76,10.65,gradient_boosting,10.65
2025-04-22,Worcester,SKU-3001,Electronics,10,42,80.98,8.0,7.52,9.24,10.04,gradient_boosting,10.04
2025-04-23,Worcester,SKU-3001,Electronics,7,55,78.78,10.0,8.4,8.95,10.04,gradient_boosting,10.04
2025-04-24,Worcester,SKU-3001,Electronics,12,58,77.23,9.0,7.59,9.33,9.85,gradient_boosting,9.85
2025-04-25,Worcester,SKU-3001,Electronics,12,61,79.76,10.0,12.95,12.4,13.84,gradient_boosting,13.84
2025-04-26,Worcester,SKU-3001,Electronics,12,62,80.66,10.0,15.19,12.55,12.72,gradient_boosting,12.72
2025-04-27,Worcester,SKU-3001,Electronics,15,66,82.85,14.0,19.61,12.79,13.43,gradient_boosting,13.43
2025-04-28,Worcester,SKU-3001,Electronics,10,51,80.61,7.0,7.59,9.35,10.04,gradient_boosting,10.04
2025-04-29,Worcester,SKU-3001,Electronics,8,50,79.5,10.0,6.82,10.69,10.04,gradient_boosting,10.04
2025-04-30,Worcester,SKU-3001,Electronics,9,64,80.38,7.0,8.89,9.6,10.04,gradient_boosting,10.04
