data/processed/forecast_results.csv
date,store,sku,category,units_sold,inventory_on_hand,price,pred_lag_7_baseline,pred_ridge_regression,pred_random_forest,pred_gradient_boosting,best_model,forecast_units
2025-03-02,Worcester,SKU-3002,Electronics,10,45,129.1,6.0,13.24,7.33,8.63,gradient_boosting,8.63
2025-03-03,Worcester,SKU-3002,Electronics,7,43,130.32,6.0,1.72,5.68,6.68,gradient_boosting,6.68
2025-03-04,Worcester,SKU-3002,Electronics,8,47,130.0,5.0,3.94,5.84,6.75,gradient_boosting,6.75
2025-03-05,Worcester,SKU-3002,Electronics,4,43,131.74,3.0,7.17,5.65,6.75,gradient_boosting,6.75
2025-03-06,Worcester,SKU-3002,Electronics,8,38,131.5,4.0,8.93,5.72,6.68,gradient_boosting,6.68
2025-03-07,Worcester,SKU-3002,Electronics,8,53,124.61,9.0,3.96,8.29,8.44,gradient_boosting,8.44
2025-03-08,Worcester,SKU-3002,Electronics,10,11,130.71,8.0,14.5,8.04,8.56,gradient_boosting,8.56
2025-03-09,Worcester,SKU-3002,Electronics,9,19,128.24,10.0,13.11,8.25,8.63,gradient_boosting,8.63
2025-03-10,Worcester,SKU-3002,Electronics,5,41,129.72,7.0,3.05,5.88,6.75,gradient_boosting,6.75
2025-03-11,Worcester,SKU-3002,Electronics,5,31,130.69,8.0,5.12,5.6,6.68,gradient_boosting,6.68
2025-03-12,Worcester,SKU-3002,Electronics,7,33,128.68,4.0,3.77,5.63,6.68,gradient_boosting,6.68
2025-03-13,Worcester,SKU-3002,Electronics,9,23,130.4,8.0,9.12,6.16,6.75,gradient_boosting,6.75
2025-03-14,Worcester,SKU-3002,Electronics,9,40,133.62,8.0,12.72,7.62,8.63,gradient_boosting,8.63
2025-03-15,Worcester,SKU-3002,Electronics,8,41,129.11,10.0,12.65,7.72,8.63,gradient_boosting,8.63
2025-03-16,Worcester,SKU-3002,Electronics,10,20,130.93,9.0,14.59,7.82,8.35,gradient_boosting,8.35
2025-03-17,Worcester,SKU-3002,Electronics,11,11,129.01,5.0,3.18,6.59,6.75,gradient_boosting,6.75
2025-03-18,Worcester,SKU-3002,Electronics,11,35,116.72,5.0,7.72,8.73,9.61,gradient_boosting,9.61
2025-03-19,Worcester,SKU-3002,Electronics,7,22,129.43,7.0,3.84,6.84,6.6,gradient_boosting,6.6
2025-03-20,Worcester,SKU-3002,Electronics,9,45,130.8,9.0,9.39,6.55,6.99,gradient_boosting,6.99
2025-03-21,Worcester,SKU-3002,Electronics,11,4,132.63,9.0,14.89,8.75,8.94,gradient_boosting,8.94
2025-03-22,Worcester,SKU-3002,Electronics,6,54,131.59,8.0,13.89,9.03,9.06,gradient_boosting,9.06
2025-03-23,Worcester,SKU-3002,Electronics,7,30,128.94,10.0,13.88,9.01,9.25,gradient_boosting,9.25
2025-03-24,Worcester,SKU-3002,Electronics,1,10,128.27,11.0,3.31,9.36,7.37,gradient_boosting,7.37
2025-03-25,Worcester,SKU-3002,Electronics,10,13,124.58,11.0,0.3,8.44,6.99,gradient_boosting,6.99
2025-03-26,Worcester,SKU-3002,Electronics,7,27,131.9,7.0,9.02,6.4,7.31,gradient_boosting,7.31
2025-03-27,Worcester,SKU-3002,Electronics,3,55,126.72,9.0,6.43,6.27,7.37,gradient_boosting,7.37
2025-03-28,Worcester,SKU-3002,Electronics,9,46,128.83,11.0,10.48,8.73,9.25,gradient_boosting,9.25
2025-03-29,Worcester,SKU-3002,Electronics,9,35,131.49,6.0,13.9,8.61,9.25,gradient_boosting,9.25
2025-03-30,Worcester,SKU-3002,Electronics,7,28,128.31,7.0,11.46,9.13,8.97,gradient_boosting,8.97
2025-03-31,Worcester,SKU-3002,Electronics,5,19,130.47,1.0,4.03,7.02,7.3,gradient_boosting,7.3
2025-04-01,Worcester,SKU-3002,Electronics,6,32,132.39,10.0,7.61,6.35,7.3,gradient_boosting,7.3
2025-04-02,Worcester,SKU-3002,Electronics,4,37,130.71,7.0,8.96,6.35,7.07,gradient_boosting,7.07
2025-04-03,Worcester,SKU-3002,Electronics,5,48,132.25,3.0,9.29,6.04,6.99,gradient_boosting,6.99
2025-04-04,Worcester,SKU-3002,Electronics,8,44,128.28,9.0,8.73,8.49,8.94,gradient_boosting,8.94
2025-04-05,Worcester,SKU-3002,Electronics,11,67,130.74,9.0,11.37,7.85,8.76,gradient_boosting,8.76
2025-04-06,Worcester,SKU-3002,Electronics,10,38,127.62,7.0,11.62,8.5,8.94,gradient_boosting,8.94
2025-04-07,Worcester,SKU-3002,Electronics,5,47,129.43,5.0,0.49,6.5,6.99,gradient_boosting,6.99
2025-04-08,Worcester,SKU-3002,Electronics,5,34,133.98,6.0,9.27,6.54,7.07,gradient_boosting,7.07
2025-04-09,Worcester,SKU-3002,Electronics,8,19,126.58,4.0,3.1,7.36,6.99,gradient_boosting,6.99
2025-04-10,Worcester,SKU-3002,Electronics,8,29,128.99,5.0,5.68,6.48,6.99,gradient_boosting,6.99
2025-04-11,Worcester,SKU-3002,Electronics,11,23,128.27,8.0,9.35,8.93,8.94,gradient_boosting,8.94
2025-04-12,Worcester,SKU-3002,Electronics,8,35,126.92,11.0,11.57,8.76,8.94,gradient_boosting,8.94
2025-04-13,Worcester,SKU-3002,Electronics,8,46,129.95,10.0,15.35,8.01,8.94,gradient_boosting,8.94
2025-04-14,Worcester,SKU-3002,Electronics,5,33,130.14,5.0,2.43,6.53,6.99,gradient_boosting,6.99
2025-04-15,Worcester,SKU-3002,Electronics,11,37,128.52,5.0,2.91,6.45,6.99,gradient_boosting,6.99
2025-04-16,Worcester,SKU-3002,Electronics,5,41,131.19,8.0,6.81,6.36,6.99,gradient_boosting,6.99
2025-04-17,Worcester,SKU-3002,Electronics,10,42,129.64,8.0,7.18,6.04,6.68,gradient_boosting,6.68
2025-04-18,Worcester,SKU-3002,Electronics,8,21,130.46,11.0,12.07,8.05,8.94,gradient_boosting,8.94
2025-04-19,Worcester,SKU-3002,Electronics,6,33,133.93,8.0,16.07,8.0,8.44,gradient_boosting,8.44
2025-04-20,Worcester,SKU-3002,Electronics,15,31,116.54,8.0,19.55,9.97,11.08,gradient_boosting,11.08
2025-04-21,Worcester,SKU-3002,Electronics,8,40,128.51,5.0,0.28,6.82,6.86,gradient_boosting,6.86
2025-04-22,Worcester,SKU-3002,Electronics,10,47,131.84,11.0,7.17,6.71,7.37,gradient_boosting,7.37
2025-04-23,Worcester,SKU-3002,Electronics,7,37,131.95,5.0,8.44,6.56,7.3,gradient_boosting,7.3
2025-04-24,Worcester,SKU-3002,Electronics,7,30,128.68,10.0,8.17,6.63,7.3,gradient_boosting,7.3
2025-04-25,Worcester,SKU-3002,Electronics,8,37,129.55,8.0,9.91,9.11,9.25,gradient_boosting,9.25
2025-04-26,Worcester,SKU-3002,Electronics,7,39,129.88,6.0,11.78,8.73,9.06,gradient_boosting,9.06
2025-04-27,Worcester,SKU-3002,Electronics,9,37,115.24,15.0,18.13,9.01,12.53,gradient_boosting,12.53
2025-04-28,Worcester,SKU-3002,Electronics,6,64,128.21,8.0,0.0,6.77,7.09,gradient_boosting,7.09
2025-04-29,Worcester,SKU-3002,Electronics,7,21,135.03,10.0,10.73,7.07,7.24,gradient_boosting,7.24
2025-04-30,Worcester,SKU-3002,Electronics,4,50,125.9,7.0,3.07,6.22,7.37,gradient_boosting,7.37
2025-03-02,Worcester,SKU-4001,Home,49,109,24.59,35.0,44.96,42.55,42.63,gradient_boosting,42.63
2025-03-03,Worcester,SKU-4001,Home,28,156,25.53,39.0,34.71,36.94,36.19,gradient_boosting,36.19
2025-03-04,Worcester,SKU-4001,Home,42,145,24.84,39.0,37.58,33.51,36.17,gradient_boosting,36.17
2025-03-05,Worcester,SKU-4001,Home,42,163,24.91,34.0,36.36,34.36,36.17,gradient_boosting,36.17
2025-03-06,Worcester,SKU-4001,Home,41,209,24.81,32.0,35.22,33.26,33.67,gradient_boosting,33.67
2025-03-07,Worcester,SKU-4001,Home,52,132,24.98,41.0,41.45,44.06,43.63,gradient_boosting,43.63
2025-03-08,Worcester,SKU-4001,Home,43,126,25.49,28.0,44.85,46.43,43.24,gradient_boosting,43.24
2025-03-09,Worcester,SKU-4001,Home,51,163,22.11,49.0,61.1,52.99,51.47,gradient_boosting,51.47
2025-03-10,Worcester,SKU-4001,Home,38,160,25.22,28.0,31.84,37.65,37.5,gradient_boosting,37.5
2025-03-11,Worcester,SKU-4001,Home,30,95,24.85,42.0,39.38,38.97,38.44,gradient_boosting,38.44
2025-03-12,Worcester,SKU-4001,Home,43,127,24.96,42.0,37.9,35.94,36.05,gradient_boosting,36.05
2025-03-13,Worcester,SKU-4001,Home,29,114,25.43,41.0,40.35,37.85,37.55,gradient_boosting,37.55
2025-03-14,Worcester,SKU-4001,Home,40,113,25.55,52.0,44.17,47.34,43.95,gradient_boosting,43.95
2025-03-15,Worcester,SKU-4001,Home,40,153,24.6,43.0,41.67,43.34,40.78,gradient_boosting,40.78
2025-03-16,Worcester,SKU-4001,Home,39,132,24.62,51.0,47.01,43.04,44.11,gradient_boosting,44.11
2025-03-17,Worcester,SKU-4001,Home,44,91,24.69,38.0,32.53,36.02,34.21,gradient_boosting,34.21
2025-03-18,Worcester,SKU-4001,Home,38,123,24.88,30.0,34.75,36.56,35.05,gradient_boosting,35.05
2025-03-19,Worcester,SKU-4001,Home,31,138,24.39,43.0,38.1,34.21,35.96,gradient_boosting,35.96
2025-03-20,Worcester,SKU-4001,Home,45,63,24.78,29.0,39.38,36.75,35.13,gradient_boosting,35.13
2025-03-21,Worcester,SKU-4001,Home,59,194,24.92,40.0,42.3,43.28,43.67,gradient_boosting,43.67
2025-03-22,Worcester,SKU-4001,Home,24,109,25.54,40.0,44.34,46.3,44.57,gradient_boosting,44.57
2025-03-23,Worcester,SKU-4001,Home,48,117,24.83,39.0,47.65,42.17,43.98,gradient_boosting,43.98
2025-03-24,Worcester,SKU-4001,Home,34,228,22.99,44.0,47.91,45.71,40.59,gradient_boosting,40.59
2025-03-25,Worcester,SKU-4001,Home,39,78,25.59,38.0,33.86,38.37,34.58,gradient_boosting,34.58
2025-03-26,Worcester,SKU-4001,Home,36,183,24.93,31.0,36.93,34.24,35.44,gradient_boosting,35.44
2025-03-27,Worcester,SKU-4001,Home,42,120,25.34,45.0,39.11,35.95,34.86,gradient_boosting,34.86
2025-03-28,Worcester,SKU-4001,Home,41,149,25.34,59.0,43.41,45.31,43.95,gradient_boosting,43.95
2025-03-29,Worcester,SKU-4001,Home,51,150,25.27,24.0,41.63,44.37,41.83,gradient_boosting,41.83
2025-03-30,Worcester,SKU-4001,Home,43,144,24.86,48.0,47.06,45.2,44.71,gradient_boosting,44.71
2025-03-31,Worcester,SKU-4001,Home,41,17,25.04,34.0,37.59,38.85,36.17,gradient_boosting,36.17
2025-04-01,Worcester,SKU-4001,Home,34,194,24.87,39.0,34.95,36.48,36.75,gradient_boosting,36.75
2025-04-02,Worcester,SKU-4001,Home,29,157,25.28,36.0,35.11,36.17,34.79,gradient_boosting,34.79
2025-04-03,Worcester,SKU-4001,Home,37,184,24.98,42.0,39.54,33.83,36.1,gradient_boosting,36.1
2025-04-04,Worcester,SKU-4001,Home,44,127,25.06,41.0,43.75,44.17,43.74,gradient_boosting,43.74
2025-04-05,Worcester,SKU-4001,Home,53,119,25.12,51.0,42.03,44.75,41.1,gradient_boosting,41.1
2025-04-06,Worcester,SKU-4001,Home,34,151,25.16,43.0,46.42,44.04,43.63,gradient_boosting,43.63
2025-04-07,Worcester,SKU-4001,Home,37,128,24.79,41.0,32.97,34.79,34.79,gradient_boosting,34.79
2025-04-08,Worcester,SKU-4001,Home,38,95,25.0,34.0,35.78,37.48,35.75,gradient_boosting,35.75
2025-04-09,Worcester,SKU-4001,Home,31,115,24.67,29.0,34.61,35.71,34.76,gradient_boosting,34.76
2025-04-10,Worcester,SKU-4001,Home,43,135,24.78,37.0,37.12,36.72,35.77,gradient_boosting,35.77
2025-04-11,Worcester,SKU-4001,Home,55,180,25.49,44.0,40.71,46.09,43.44,gradient_boosting,43.44
2025-04-12,Worcester,SKU-4001,Home,56,226,25.43,53.0,46.47,44.51,45.48,gradient_boosting,45.48
2025-04-13,Worcester,SKU-4001,Home,40,172,24.41,34.0,44.07,44.91,44.73,gradient_boosting,44.73
2025-04-14,Worcester,SKU-4001,Home,43,87,22.43,37.0,50.08,46.52,43.03,gradient_boosting,43.03
2025-04-15,Worcester,SKU-4001,Home,31,196,24.76,38.0,32.6,35.01,35.77,gradient_boosting,35.77
2025-04-16,Worcester,SKU-4001,Home,22,149,25.59,31.0,34.52,35.41,35.05,gradient_boosting,35.05
2025-04-17,Worcester,SKU-4001,Home,43,102,24.75,43.0,40.66,33.84,36.86,gradient_boosting,36.86
2025-04-18,Worcester,SKU-4001,Home,63,170,25.78,55.0,44.36,46.69,45.07,gradient_boosting,45.07
2025-04-19,Worcester,SKU-4001,Home,52,123,25.24,56.0,49.27,44.59,45.48,gradient_boosting,45.48
2025-04-20,Worcester,SKU-4001,Home,43,122,24.49,40.0,44.02,44.39,44.58,gradient_boosting,44.58
2025-04-21,Worcester,SKU-4001,Home,38,188,24.86,43.0,33.13,35.11,38.18,gradient_boosting,38.18
2025-04-22,Worcester,SKU-4001,Home,38,50,24.86,31.0,36.32,37.69,37.45,gradient_boosting,37.45
2025-04-23,Worcester,SKU-4001,Home,33,158,25.49,22.0,32.75,34.15,35.52,gradient_boosting,35.52
2025-04-24,Worcester,SKU-4001,Home,43,155,25.39,43.0,42.61,35.55,38.86,gradient_boosting,38.86
2025-04-25,Worcester,SKU-4001,Home,60,181,24.54,63.0,46.71,44.67,48.24,gradient_boosting,48.24
2025-04-26,Worcester,SKU-4001,Home,76,130,22.83,52.0,64.84,61.33,53.87,gradient_boosting,53.87
2025-04-27,Worcester,SKU-4001,Home,57,109,24.98,43.0,48.35,45.07,46.81,gradient_boosting,46.81
2025-04-28,Worcester,SKU-4001,Home,33,127,24.56,38.0,38.53,37.58,41.49,gradient_boosting,41.49
2025-04-29,Worcester,SKU-4001,Home,29,172,25.15,38.0,35.77,37.25,38.05,gradient_boosting,38.05
2025-04-30,Worcester,SKU-4001,Home,33,102,25.19,33.0,37.28,37.85,37.78,gradient_boosting,37.78
2025-03-02,Worcester,SKU-4002,Home,28,148,39.88,35.0,35.71,35.0,34.09,gradient_boosting,34.09
2025-03-03,Worcester,SKU-4002,Home,33,101,40.15,23.0,25.02,27.6,28.53,gradient_boosting,28.53
2025-03-04,Worcester,SKU-4002,Home,34,39,40.19,31.0,30.61,29.12,29.8,gradient_boosting,29.8
2025-03-05,Worcester,SKU-4002,Home,38,113,39.05,25.0,29.84,29.6,28.53,gradient_boosting,28.53
2025-03-06,Worcester,SKU-4002,Home,17,168,39.48,32.0,28.71,30.32,28.94,gradient_boosting,28.94
2025-03-07,Worcester,SKU-4002,Home,34,50,39.88,36.0,35.26,34.75,34.62,gradient_boosting,34.62
2025-03-08,Worcester,SKU-4002,Home,43,41,39.97,47.0,38.4,33.22,35.21,gradient_boosting,35.21
2025-03-09,Worcester,SKU-4002,Home,33,96,40.03,28.0,37.01,35.41,34.77,gradient_boosting,34.77
2025-03-10,Worcester,SKU-4002,Home,23,70,39.86,33.0,24.43,29.46,28.79,gradient_boosting,28.79
2025-03-11,Worcester,SKU-4002,Home,41,53,35.67,34.0,42.34,35.71,34.42,gradient_boosting,34.42
2025-03-12,Worcester,SKU-4002,Home,43,70,36.6,38.0,43.98,35.87,34.04,gradient_boosting,34.04
2025-03-13,Worcester,SKU-4002,Home,18,56,40.52,17.0,31.18,28.0,27.35,gradient_boosting,27.35
2025-03-14,Worcester,SKU-4002,Home,33,73,39.69,34.0,35.63,34.26,35.63,gradient_boosting,35.63
2025-03-15,Worcester,SKU-4002,Home,38,88,39.83,43.0,42.42,37.13,36.05,gradient_boosting,36.05
2025-03-16,Worcester,SKU-4002,Home,47,122,38.88,33.0,36.6,35.19,33.08,gradient_boosting,33.08
2025-03-17,Worcester,SKU-4002,Home,28,114,39.87,23.0,26.23,28.86,28.83,gradient_boosting,28.83
2025-03-18,Worcester,SKU-4002,Home,33,91,38.77,41.0,29.49,30.16,30.35,gradient_boosting,30.35
2025-03-19,Worcester,SKU-4002,Home,29,219,39.12,43.0,30.27,29.61,30.85,gradient_boosting,30.85
2025-03-20,Worcester,SKU-4002,Home,25,80,39.94,18.0,28.79,27.57,27.06,gradient_boosting,27.06
2025-03-21,Worcester,SKU-4002,Home,41,5,39.71,33.0,35.5,38.72,34.93,gradient_boosting,34.93
2025-03-22,Worcester,SKU-4002,Home,35,157,40.94,38.0,39.05,37.32,36.23,gradient_boosting,36.23
2025-03-23,Worcester,SKU-4002,Home,43,71,40.51,47.0,42.02,35.33,35.52,gradient_boosting,35.52
2025-03-24,Worcester,SKU-4002,Home,28,120,39.5,28.0,24.54,28.87,28.69,gradient_boosting,28.69
2025-03-25,Worcester,SKU-4002,Home,34,99,40.32,33.0,32.48,29.64,33.21,gradient_boosting,33.21
2025-03-26,Worcester,SKU-4002,Home,39,140,40.41,29.0,32.31,29.6,32.4,gradient_boosting,32.4
2025-03-27,Worcester,SKU-4002,Home,25,54,39.51,25.0,31.34,30.39,29.98,gradient_boosting,29.98
2025-03-28,Worcester,SKU-4002,Home,32,126,39.15,41.0,36.03,36.96,36.87,gradient_boosting,36.87
2025-03-29,Worcester,SKU-4002,Home,42,142,40.41,35.0,37.61,36.54,37.76,gradient_boosting,37.76
2025-03-30,Worcester,SKU-4002,Home,29,140,39.71,43.0,42.47,36.21,38.18,gradient_boosting,38.18
2025-03-31,Worcester,SKU-4002,Home,24,17,40.0,28.0,28.6,31.28,30.71,gradient_boosting,30.71
2025-04-01,Worcester,SKU-4002,Home,33,72,40.12,34.0,29.17,29.03,29.7,gradient_boosting,29.7
2025-04-02,Worcester,SKU-4002,Home,23,84,40.34,39.0,31.89,29.04,29.96,gradient_boosting,29.96
2025-04-03,Worcester,SKU-4002,Home,41,89,39.27,25.0,29.39,27.67,28.3,gradient_boosting,28.3
2025-04-04,Worcester,SKU-4002,Home,48,119,39.52,32.0,35.28,36.88,37.44,gradient_boosting,37.44
2025-04-05,Worcester,SKU-4002,Home,47,35,41.1,42.0,41.49,38.45,37.7,gradient_boosting,37.7
2025-04-06,Worcester,SKU-4002,Home,31,123,40.75,29.0,42.15,36.99,37.44,gradient_boosting,37.44
2025-04-07,Worcester,SKU-4002,Home,23,103,39.45,24.0,24.85,30.27,30.47,gradient_boosting,30.47
2025-04-08,Worcester,SKU-4002,Home,34,120,40.51,33.0,28.99,29.95,32.15,gradient_boosting,32.15
2025-04-09,Worcester,SKU-4002,Home,28,78,40.66,23.0,31.64,30.76,31.97,gradient_boosting,31.97
2025-04-10,Worcester,SKU-4002,Home,33,108,40.5,41.0,33.44,30.15,30.06,gradient_boosting,30.06
2025-04-11,Worcester,SKU-4002,Home,40,102,39.53,48.0,35.75,35.06,37.27,gradient_boosting,37.27
2025-04-12,Worcester,SKU-4002,Home,22,109,38.4,47.0,39.77,35.01,39.77,gradient_boosting,39.77
2025-04-13,Worcester,SKU-4002,Home,31,53,39.6,31.0,37.65,36.48,36.13,gradient_boosting,36.13
2025-04-14,Worcester,SKU-4002,Home,31,89,40.38,23.0,26.34,26.67,28.19,gradient_boosting,28.19
2025-04-15,Worcester,SKU-4002,Home,24,116,39.3,34.0,27.47,27.68,29.46,gradient_boosting,29.46
2025-04-16,Worcester,SKU-4002,Home,18,130,40.75,28.0,27.29,25.99,28.63,gradient_boosting,28.63
2025-04-17,Worcester,SKU-4002,Home,25,97,39.16,33.0,33.92,29.73,30.22,gradient_boosting,30.22
2025-04-18,Worcester,SKU-4002,Home,28,34,39.67,40.0,37.48,39.02,35.19,gradient_boosting,35.19
2025-04-19,Worcester,SKU-4002,Home,35,146,39.17,22.0,34.84,37.6,32.21,gradient_boosting,32.21
2025-04-20,Worcester,SKU-4002,Home,40,130,39.68,31.0,34.65,36.85,32.9,gradient_boosting,32.9
2025-04-21,Worcester,SKU-4002,Home,32,86,40.51,31.0,23.47,26.02,27.32,gradient_boosting,27.32
2025-04-22,Worcester,SKU-4002,Home,30,93,40.74,24.0,28.18,25.33,27.72,gradient_boosting,27.72
2025-04-23,Worcester,SKU-4002,Home,29,107,40.39,18.0,26.61,25.34,27.09,gradient_boosting,27.09
2025-04-24,Worcester,SKU-4002,Home,27,95,40.86,25.0,31.69,26.1,28.76,gradient_boosting,28.76
2025-04-25,Worcester,SKU-4002,Home,33,153,39.96,28.0,33.81,35.8,35.5,gradient_boosting,35.5
2025-04-26,Worcester,SKU-4002,Home,44,191,41.32,35.0,34.79,38.74,33.39,gradient_boosting,33.39
2025-04-27,Worcester,SKU-4002,Home,43,89,36.08,40.0,52.74,40.36,40.48,gradient_boosting,40.48
2025-04-28,Worcester,SKU-4002,Home,30,87,39.66,32.0,25.84,29.81,28.94,gradient_boosting,28.94
2025-04-29,Worcester,SKU-4002,Home,21,76,39.59,30.0,25.92,29.21,28.36,gradient_boosting,28.36
2025-04-30,Worcester,SKU-4002,Home,29,100,39.79,29.0,27.14,28.81,28.35,gradient_boosting,28.35
